11:11:03 **** Build of project zynq_1_bsp ****
make -k all 
"Running Make include in ps7_cortexa9_0/libsrc/bram_v4_2/src"
make -C ps7_cortexa9_0/libsrc/bram_v4_2/src -s include  "SHELL=CMD" "COMPILER=arm-none-eabi-gcc" "ARCHIVER=arm-none-eabi-ar" "COMPILER_FLAGS=  -O2 -c" "EXTRA_COMPILER_FLAGS=-mcpu=cortex-a9 -mfpu=vfpv3 -mfloat-abi=hard -nostartfiles -g -Wall -Wextra"
"Running Make include in ps7_cortexa9_0/libsrc/coresightps_dcc_v1_4/src"
make -C ps7_cortexa9_0/libsrc/coresightps_dcc_v1_4/src -s include  "SHELL=CMD" "COMPILER=arm-none-eabi-gcc" "ARCHIVER=arm-none-eabi-ar" "COMPILER_FLAGS=  -O2 -c" "EXTRA_COMPILER_FLAGS=-mcpu=cortex-a9 -mfpu=vfpv3 -mfloat-abi=hard -nostartfiles -g -Wall -Wextra"
"Running Make include in ps7_cortexa9_0/libsrc/cpu_cortexa9_v2_6/src"
make -C ps7_cortexa9_0/libsrc/cpu_cortexa9_v2_6/src -s include  "SHELL=CMD" "COMPILER=arm-none-eabi-gcc" "ARCHIVER=arm-none-eabi-ar" "COMPILER_FLAGS=  -O2 -c" "EXTRA_COMPILER_FLAGS=-mcpu=cortex-a9 -mfpu=vfpv3 -mfloat-abi=hard -nostartfiles -g -Wall -Wextra"
"Running Make include in ps7_cortexa9_0/libsrc/ddrps_v1_0/src"
make -C ps7_cortexa9_0/libsrc/ddrps_v1_0/src -s include  "SHELL=CMD" "COMPILER=arm-none-eabi-gcc" "ARCHIVER=arm-none-eabi-ar" "COMPILER_FLAGS=  -O2 -c" "EXTRA_COMPILER_FLAGS=-mcpu=cortex-a9 -mfpu=vfpv3 -mfloat-abi=hard -nostartfiles -g -Wall -Wextra"
"Running Make include in ps7_cortexa9_0/libsrc/devcfg_v3_5/src"
make -C ps7_cortexa9_0/libsrc/devcfg_v3_5/src -s include  "SHELL=CMD" "COMPILER=arm-none-eabi-gcc" "ARCHIVER=arm-none-eabi-ar" "COMPILER_FLAGS=  -O2 -c" "EXTRA_COMPILER_FLAGS=-mcpu=cortex-a9 -mfpu=vfpv3 -mfloat-abi=hard -nostartfiles -g -Wall -Wextra"
"Running Make include in ps7_cortexa9_0/libsrc/dmaps_v2_3/src"
make -C ps7_cortexa9_0/libsrc/dmaps_v2_3/src -s include  "SHELL=CMD" "COMPILER=arm-none-eabi-gcc" "ARCHIVER=arm-none-eabi-ar" "COMPILER_FLAGS=  -O2 -c" "EXTRA_COMPILER_FLAGS=-mcpu=cortex-a9 -mfpu=vfpv3 -mfloat-abi=hard -nostartfiles -g -Wall -Wextra"
"Running Make include in ps7_cortexa9_0/libsrc/emacps_v3_7/src"
make -C ps7_cortexa9_0/libsrc/emacps_v3_7/src -s include  "SHELL=CMD" "COMPILER=arm-none-eabi-gcc" "ARCHIVER=arm-none-eabi-ar" "COMPILER_FLAGS=  -O2 -c" "EXTRA_COMPILER_FLAGS=-mcpu=cortex-a9 -mfpu=vfpv3 -mfloat-abi=hard -nostartfiles -g -Wall -Wextra"
"Running Make include in ps7_cortexa9_0/libsrc/gpio_v4_3/src"
make -C ps7_cortexa9_0/libsrc/gpio_v4_3/src -s include  "SHELL=CMD" "COMPILER=arm-none-eabi-gcc" "ARCHIVER=arm-none-eabi-ar" "COMPILER_FLAGS=  -O2 -c" "EXTRA_COMPILER_FLAGS=-mcpu=cortex-a9 -mfpu=vfpv3 -mfloat-abi=hard -nostartfiles -g -Wall -Wextra"
"Running Make include in ps7_cortexa9_0/libsrc/gpiops_v3_3/src"
make -C ps7_cortexa9_0/libsrc/gpiops_v3_3/src -s include  "SHELL=CMD" "COMPILER=arm-none-eabi-gcc" "ARCHIVER=arm-none-eabi-ar" "COMPILER_FLAGS=  -O2 -c" "EXTRA_COMPILER_FLAGS=-mcpu=cortex-a9 -mfpu=vfpv3 -mfloat-abi=hard -nostartfiles -g -Wall -Wextra"
"Running Make include in ps7_cortexa9_0/libsrc/qspips_v3_4/src"
make -C ps7_cortexa9_0/libsrc/qspips_v3_4/src -s include  "SHELL=CMD" "COMPILER=arm-none-eabi-gcc" "ARCHIVER=arm-none-eabi-ar" "COMPILER_FLAGS=  -O2 -c" "EXTRA_COMPILER_FLAGS=-mcpu=cortex-a9 -mfpu=vfpv3 -mfloat-abi=hard -nostartfiles -g -Wall -Wextra"
"Running Make include in ps7_cortexa9_0/libsrc/scugic_v3_9/src"
make -C ps7_cortexa9_0/libsrc/scugic_v3_9/src -s include  "SHELL=CMD" "COMPILER=arm-none-eabi-gcc" "ARCHIVER=arm-none-eabi-ar" "COMPILER_FLAGS=  -O2 -c" "EXTRA_COMPILER_FLAGS=-mcpu=cortex-a9 -mfpu=vfpv3 -mfloat-abi=hard -nostartfiles -g -Wall -Wextra"
"Running Make include in ps7_cortexa9_0/libsrc/scutimer_v2_1/src"
make -C ps7_cortexa9_0/libsrc/scutimer_v2_1/src -s include  "SHELL=CMD" "COMPILER=arm-none-eabi-gcc" "ARCHIVER=arm-none-eabi-ar" "COMPILER_FLAGS=  -O2 -c" "EXTRA_COMPILER_FLAGS=-mcpu=cortex-a9 -mfpu=vfpv3 -mfloat-abi=hard -nostartfiles -g -Wall -Wextra"
"Running Make include in ps7_cortexa9_0/libsrc/scuwdt_v2_1/src"
make -C ps7_cortexa9_0/libsrc/scuwdt_v2_1/src -s include  "SHELL=CMD" "COMPILER=arm-none-eabi-gcc" "ARCHIVER=arm-none-eabi-ar" "COMPILER_FLAGS=  -O2 -c" "EXTRA_COMPILER_FLAGS=-mcpu=cortex-a9 -mfpu=vfpv3 -mfloat-abi=hard -nostartfiles -g -Wall -Wextra"
"Running Make include in ps7_cortexa9_0/libsrc/sdps_v3_5/src"
make -C ps7_cortexa9_0/libsrc/sdps_v3_5/src -s include  "SHELL=CMD" "COMPILER=arm-none-eabi-gcc" "ARCHIVER=arm-none-eabi-ar" "COMPILER_FLAGS=  -O2 -c" "EXTRA_COMPILER_FLAGS=-mcpu=cortex-a9 -mfpu=vfpv3 -mfloat-abi=hard -nostartfiles -g -Wall -Wextra"
"Running Make include in ps7_cortexa9_0/libsrc/standalone_v6_7/src"
make -C ps7_cortexa9_0/libsrc/standalone_v6_7/src -s include  "SHELL=CMD" "COMPILER=arm-none-eabi-gcc" "ARCHIVER=arm-none-eabi-ar" "COMPILER_FLAGS=  -O2 -c" "EXTRA_COMPILER_FLAGS=-mcpu=cortex-a9 -mfpu=vfpv3 -mfloat-abi=hard -nostartfiles -g -Wall -Wextra"
"Running Make include in ps7_cortexa9_0/libsrc/ttcps_v3_6/src"
make -C ps7_cortexa9_0/libsrc/ttcps_v3_6/src -s include  "SHELL=CMD" "COMPILER=arm-none-eabi-gcc" "ARCHIVER=arm-none-eabi-ar" "COMPILER_FLAGS=  -O2 -c" "EXTRA_COMPILER_FLAGS=-mcpu=cortex-a9 -mfpu=vfpv3 -mfloat-abi=hard -nostartfiles -g -Wall -Wextra"
"Running Make include in ps7_cortexa9_0/libsrc/uartps_v3_6/src"
make -C ps7_cortexa9_0/libsrc/uartps_v3_6/src -s include  "SHELL=CMD" "COMPILER=arm-none-eabi-gcc" "ARCHIVER=arm-none-eabi-ar" "COMPILER_FLAGS=  -O2 -c" "EXTRA_COMPILER_FLAGS=-mcpu=cortex-a9 -mfpu=vfpv3 -mfloat-abi=hard -nostartfiles -g -Wall -Wextra"
"Running Make include in ps7_cortexa9_0/libsrc/usbps_v2_4/src"
make -C ps7_cortexa9_0/libsrc/usbps_v2_4/src -s include  "SHELL=CMD" "COMPILER=arm-none-eabi-gcc" "ARCHIVER=arm-none-eabi-ar" "COMPILER_FLAGS=  -O2 -c" "EXTRA_COMPILER_FLAGS=-mcpu=cortex-a9 -mfpu=vfpv3 -mfloat-abi=hard -nostartfiles -g -Wall -Wextra"
"Running Make include in ps7_cortexa9_0/libsrc/xadcps_v2_2/src"
make -C ps7_cortexa9_0/libsrc/xadcps_v2_2/src -s include  "SHELL=CMD" "COMPILER=arm-none-eabi-gcc" "ARCHIVER=arm-none-eabi-ar" "COMPILER_FLAGS=  -O2 -c" "EXTRA_COMPILER_FLAGS=-mcpu=cortex-a9 -mfpu=vfpv3 -mfloat-abi=hard -nostartfiles -g -Wall -Wextra"
"Running Make libs in ps7_cortexa9_0/libsrc/bram_v4_2/src"
make -C ps7_cortexa9_0/libsrc/bram_v4_2/src -s libs  "SHELL=CMD" "COMPILER=arm-none-eabi-gcc" "ARCHIVER=arm-none-eabi-ar" "COMPILER_FLAGS=  -O2 -c" "EXTRA_COMPILER_FLAGS=-mcpu=cortex-a9 -mfpu=vfpv3 -mfloat-abi=hard -nostartfiles -g -Wall -Wextra"
"Compiling bram"
"Running Make libs in ps7_cortexa9_0/libsrc/coresightps_dcc_v1_4/src"
make -C ps7_cortexa9_0/libsrc/coresightps_dcc_v1_4/src -s libs  "SHELL=CMD" "COMPILER=arm-none-eabi-gcc" "ARCHIVER=arm-none-eabi-ar" "COMPILER_FLAGS=  -O2 -c" "EXTRA_COMPILER_FLAGS=-mcpu=cortex-a9 -mfpu=vfpv3 -mfloat-abi=hard -nostartfiles -g -Wall -Wextra"
"Compiling coresightps_dcc"
"Running Make libs in ps7_cortexa9_0/libsrc/cpu_cortexa9_v2_6/src"
make -C ps7_cortexa9_0/libsrc/cpu_cortexa9_v2_6/src -s libs  "SHELL=CMD" "COMPILER=arm-none-eabi-gcc" "ARCHIVER=arm-none-eabi-ar" "COMPILER_FLAGS=  -O2 -c" "EXTRA_COMPILER_FLAGS=-mcpu=cortex-a9 -mfpu=vfpv3 -mfloat-abi=hard -nostartfiles -g -Wall -Wextra"
"Compiling cpu_cortexa9"
"Running Make libs in ps7_cortexa9_0/libsrc/ddrps_v1_0/src"
make -C ps7_cortexa9_0/libsrc/ddrps_v1_0/src -s libs  "SHELL=CMD" "COMPILER=arm-none-eabi-gcc" "ARCHIVER=arm-none-eabi-ar" "COMPILER_FLAGS=  -O2 -c" "EXTRA_COMPILER_FLAGS=-mcpu=cortex-a9 -mfpu=vfpv3 -mfloat-abi=hard -nostartfiles -g -Wall -Wextra"
"Compiling ddrps"
"Running Make libs in ps7_cortexa9_0/libsrc/devcfg_v3_5/src"
make -C ps7_cortexa9_0/libsrc/devcfg_v3_5/src -s libs  "SHELL=CMD" "COMPILER=arm-none-eabi-gcc" "ARCHIVER=arm-none-eabi-ar" "COMPILER_FLAGS=  -O2 -c" "EXTRA_COMPILER_FLAGS=-mcpu=cortex-a9 -mfpu=vfpv3 -mfloat-abi=hard -nostartfiles -g -Wall -Wextra"
"Compiling devcfg"
"Running Make libs in ps7_cortexa9_0/libsrc/dmaps_v2_3/src"
make -C ps7_cortexa9_0/libsrc/dmaps_v2_3/src -s libs  "SHELL=CMD" "COMPILER=arm-none-eabi-gcc" "ARCHIVER=arm-none-eabi-ar" "COMPILER_FLAGS=  -O2 -c" "EXTRA_COMPILER_FLAGS=-mcpu=cortex-a9 -mfpu=vfpv3 -mfloat-abi=hard -nostartfiles -g -Wall -Wextra"
"Compiling dmaps"
"Running Make libs in ps7_cortexa9_0/libsrc/emacps_v3_7/src"
make -C ps7_cortexa9_0/libsrc/emacps_v3_7/src -s libs  "SHELL=CMD" "COMPILER=arm-none-eabi-gcc" "ARCHIVER=arm-none-eabi-ar" "COMPILER_FLAGS=  -O2 -c" "EXTRA_COMPILER_FLAGS=-mcpu=cortex-a9 -mfpu=vfpv3 -mfloat-abi=hard -nostartfiles -g -Wall -Wextra"
"Compiling emacps"
"Running Make libs in ps7_cortexa9_0/libsrc/gpio_v4_3/src"
make -C ps7_cortexa9_0/libsrc/gpio_v4_3/src -s libs  "SHELL=CMD" "COMPILER=arm-none-eabi-gcc" "ARCHIVER=arm-none-eabi-ar" "COMPILER_FLAGS=  -O2 -c" "EXTRA_COMPILER_FLAGS=-mcpu=cortex-a9 -mfpu=vfpv3 -mfloat-abi=hard -nostartfiles -g -Wall -Wextra"
"Compiling gpio"
"Running Make libs in ps7_cortexa9_0/libsrc/gpiops_v3_3/src"
make -C ps7_cortexa9_0/libsrc/gpiops_v3_3/src -s libs  "SHELL=CMD" "COMPILER=arm-none-eabi-gcc" "ARCHIVER=arm-none-eabi-ar" "COMPILER_FLAGS=  -O2 -c" "EXTRA_COMPILER_FLAGS=-mcpu=cortex-a9 -mfpu=vfpv3 -mfloat-abi=hard -nostartfiles -g -Wall -Wextra"
"Compiling gpiops"
"Running Make libs in ps7_cortexa9_0/libsrc/qspips_v3_4/src"
make -C ps7_cortexa9_0/libsrc/qspips_v3_4/src -s libs  "SHELL=CMD" "COMPILER=arm-none-eabi-gcc" "ARCHIVER=arm-none-eabi-ar" "COMPILER_FLAGS=  -O2 -c" "EXTRA_COMPILER_FLAGS=-mcpu=cortex-a9 -mfpu=vfpv3 -mfloat-abi=hard -nostartfiles -g -Wall -Wextra"
"Compiling qspips"
"Running Make libs in ps7_cortexa9_0/libsrc/scugic_v3_9/src"
make -C ps7_cortexa9_0/libsrc/scugic_v3_9/src -s libs  "SHELL=CMD" "COMPILER=arm-none-eabi-gcc" "ARCHIVER=arm-none-eabi-ar" "COMPILER_FLAGS=  -O2 -c" "EXTRA_COMPILER_FLAGS=-mcpu=cortex-a9 -mfpu=vfpv3 -mfloat-abi=hard -nostartfiles -g -Wall -Wextra"
"Compiling scugic"
"Running Make libs in ps7_cortexa9_0/libsrc/scutimer_v2_1/src"
make -C ps7_cortexa9_0/libsrc/scutimer_v2_1/src -s libs  "SHELL=CMD" "COMPILER=arm-none-eabi-gcc" "ARCHIVER=arm-none-eabi-ar" "COMPILER_FLAGS=  -O2 -c" "EXTRA_COMPILER_FLAGS=-mcpu=cortex-a9 -mfpu=vfpv3 -mfloat-abi=hard -nostartfiles -g -Wall -Wextra"
"Compiling scutimer"
"Running Make libs in ps7_cortexa9_0/libsrc/scuwdt_v2_1/src"
make -C ps7_cortexa9_0/libsrc/scuwdt_v2_1/src -s libs  "SHELL=CMD" "COMPILER=arm-none-eabi-gcc" "ARCHIVER=arm-none-eabi-ar" "COMPILER_FLAGS=  -O2 -c" "EXTRA_COMPILER_FLAGS=-mcpu=cortex-a9 -mfpu=vfpv3 -mfloat-abi=hard -nostartfiles -g -Wall -Wextra"
"Compiling scuwdt"
"Running Make libs in ps7_cortexa9_0/libsrc/sdps_v3_5/src"
make -C ps7_cortexa9_0/libsrc/sdps_v3_5/src -s libs  "SHELL=CMD" "COMPILER=arm-none-eabi-gcc" "ARCHIVER=arm-none-eabi-ar" "COMPILER_FLAGS=  -O2 -c" "EXTRA_COMPILER_FLAGS=-mcpu=cortex-a9 -mfpu=vfpv3 -mfloat-abi=hard -nostartfiles -g -Wall -Wextra"
"Compiling sdps"
"Running Make libs in ps7_cortexa9_0/libsrc/standalone_v6_7/src"
make -C ps7_cortexa9_0/libsrc/standalone_v6_7/src -s libs  "SHELL=CMD" "COMPILER=arm-none-eabi-gcc" "ARCHIVER=arm-none-eabi-ar" "COMPILER_FLAGS=  -O2 -c" "EXTRA_COMPILER_FLAGS=-mcpu=cortex-a9 -mfpu=vfpv3 -mfloat-abi=hard -nostartfiles -g -Wall -Wextra"
"Compiling standalone"
"Running Make libs in ps7_cortexa9_0/libsrc/ttcps_v3_6/src"
make -C ps7_cortexa9_0/libsrc/ttcps_v3_6/src -s libs  "SHELL=CMD" "COMPILER=arm-none-eabi-gcc" "ARCHIVER=arm-none-eabi-ar" "COMPILER_FLAGS=  -O2 -c" "EXTRA_COMPILER_FLAGS=-mcpu=cortex-a9 -mfpu=vfpv3 -mfloat-abi=hard -nostartfiles -g -Wall -Wextra"
"Compiling ttcps"
"Running Make libs in ps7_cortexa9_0/libsrc/uartps_v3_6/src"
make -C ps7_cortexa9_0/libsrc/uartps_v3_6/src -s libs  "SHELL=CMD" "COMPILER=arm-none-eabi-gcc" "ARCHIVER=arm-none-eabi-ar" "COMPILER_FLAGS=  -O2 -c" "EXTRA_COMPILER_FLAGS=-mcpu=cortex-a9 -mfpu=vfpv3 -mfloat-abi=hard -nostartfiles -g -Wall -Wextra"
"Compiling uartps"
"Running Make libs in ps7_cortexa9_0/libsrc/usbps_v2_4/src"
make -C ps7_cortexa9_0/libsrc/usbps_v2_4/src -s libs  "SHELL=CMD" "COMPILER=arm-none-eabi-gcc" "ARCHIVER=arm-none-eabi-ar" "COMPILER_FLAGS=  -O2 -c" "EXTRA_COMPILER_FLAGS=-mcpu=cortex-a9 -mfpu=vfpv3 -mfloat-abi=hard -nostartfiles -g -Wall -Wextra"
"Compiling usbps"
"Running Make libs in ps7_cortexa9_0/libsrc/xadcps_v2_2/src"
make -C ps7_cortexa9_0/libsrc/xadcps_v2_2/src -s libs  "SHELL=CMD" "COMPILER=arm-none-eabi-gcc" "ARCHIVER=arm-none-eabi-ar" "COMPILER_FLAGS=  -O2 -c" "EXTRA_COMPILER_FLAGS=-mcpu=cortex-a9 -mfpu=vfpv3 -mfloat-abi=hard -nostartfiles -g -Wall -Wextra"
"Compiling xadcps"
'Finished building libraries'
11:11:27 **** Build of configuration Debug for project zynq_1 ****
make pre-build main-build 
a9-linaro-pre-build-step
' '
'Building file: ../src/helloworld.c'
'Invoking: ARM v7 gcc compiler'
arm-none-eabi-gcc -Wall -O0 -g3 -c -fmessage-length=0 -MT"src/helloworld.o" -mcpu=cortex-a9 -mfpu=vfpv3 -mfloat-abi=hard -I../../zynq_1_bsp/ps7_cortexa9_0/include -MMD -MP -MF"src/helloworld.d" -MT"src/helloworld.o" -o "src/helloworld.o" "../src/helloworld.c"
In file included from ../src/helloworld.c:50:0:
../src/helloworld.c: In function 'main':
../../zynq_1_bsp/ps7_cortexa9_0/include/xparameters.h:309:30: warning: large integer implicitly truncated to unsigned type [-Woverflow]
 #define XPAR_GPIO_0_BASEADDR 0x41200000
                              ^
../src/helloworld.c:100:35: note: in expansion of macro 'XPAR_GPIO_0_BASEADDR'
  Status = XGpio_Initialize(&Gpio, XPAR_GPIO_0_BASEADDR);
                                   ^~~~~~~~~~~~~~~~~~~~
../src/helloworld.c:109:10: warning: format '%d' expects argument of type 'int *', but argument 2 has type 'u32 * {aka long unsigned int *}' [-Wformat=]
  scanf("%d",&j[k]);
         ~^  ~~~~~
         %ld
../src/helloworld.c:156:5: warning: "/*" within comment [-Wcomment]
     /* Wait a small amount of time so the LED is visible */
      
../src/helloworld.c:98:15: warning: unused variable 'Delay' [-Wunused-variable]
  volatile int Delay;
               ^~~~~
../src/helloworld.c:96:15: warning: unused variable 'outdata1' [-Wunused-variable]
  u32  outdata,outdata1,sum=0;
               ^~~~~~~~
../src/helloworld.c:96:7: warning: unused variable 'outdata' [-Wunused-variable]
  u32  outdata,outdata1,sum=0;
       ^~~~~~~
../src/helloworld.c:95:19: warning: unused variable 'j1' [-Wunused-variable]
   u32 Status,j[5],j1[5];
                   ^~
'Finished building: ../src/helloworld.c'
' '
'Building file: ../src/platform.c'
'Invoking: ARM v7 gcc compiler'
arm-none-eabi-gcc -Wall -O0 -g3 -c -fmessage-length=0 -MT"src/platform.o" -mcpu=cortex-a9 -mfpu=vfpv3 -mfloat-abi=hard -I../../zynq_1_bsp/ps7_cortexa9_0/include -MMD -MP -MF"src/platform.d" -MT"src/platform.o" -o "src/platform.o" "../src/platform.c"
'Finished building: ../src/platform.c'
' '
'Building target: zynq_1.elf'
'Invoking: ARM v7 gcc linker'
arm-none-eabi-gcc -mcpu=cortex-a9 -mfpu=vfpv3 -mfloat-abi=hard -Wl,-build-id=none -specs=Xilinx.spec -Wl,-T -Wl,../src/lscript.ld -L../../zynq_1_bsp/ps7_cortexa9_0/lib -o "zynq_1.elf"  ./src/helloworld.o ./src/platform.o   -Wl,--start-group,-lxil,-lgcc,-lc,--end-group
'Finished building target: zynq_1.elf'
' '
'Invoking: ARM v7 Print Size'
arm-none-eabi-size zynq_1.elf  |tee "zynq_1.elf.size"
   text	   data	    bss	    dec	    hex	filename
 104268	   2736	  23344	 130348	  1fd2c	zynq_1.elf
'Finished building: zynq_1.elf.size'
' '
11:11:47 **** Build of configuration Debug for project zynq_1_bsp_xbram_example_1 ****
make pre-build main-build 
a9-linaro-pre-build-step
' '
'Building file: ../src/xbram_example.c'
'Invoking: ARM v7 gcc compiler'
arm-none-eabi-gcc -Wall -O0 -g3 -c -fmessage-length=0 -MT"src/xbram_example.o" -mcpu=cortex-a9 -mfpu=vfpv3 -mfloat-abi=hard -I../../zynq_1_bsp/ps7_cortexa9_0/include -MMD -MP -MF"src/xbram_example.d" -MT"src/xbram_example.o" -o "src/xbram_example.o" "../src/xbram_example.c"
'Finished building: ../src/xbram_example.c'
' '
'Building target: zynq_1_bsp_xbram_example_1.elf'
'Invoking: ARM v7 gcc linker'
arm-none-eabi-gcc -mcpu=cortex-a9 -mfpu=vfpv3 -mfloat-abi=hard -Wl,-build-id=none -specs=Xilinx.spec -Wl,-T -Wl,../src/lscript.ld -L../../zynq_1_bsp/ps7_cortexa9_0/lib -o "zynq_1_bsp_xbram_example_1.elf"  ./src/xbram_example.o   -Wl,--start-group,-lxil,-lgcc,-lc,--end-group
'Finished building target: zynq_1_bsp_xbram_example_1.elf'
' '
'Invoking: ARM v7 Print Size'
arm-none-eabi-size zynq_1_bsp_xbram_example_1.elf  |tee "zynq_1_bsp_xbram_example_1.elf.size"
   text	   data	    bss	    dec	    hex	filename
  28844	   1288	  22664	  52796	   ce3c	zynq_1_bsp_xbram_example_1.elf
'Finished building: zynq_1_bsp_xbram_example_1.elf.size'
' '
11:11:48 **** Build of configuration Debug for project zynq_1_bsp_xgpio_example_1 ****
make pre-build main-build 
a9-linaro-pre-build-step
' '
'Building file: ../src/xgpio_example.c'
'Invoking: ARM v7 gcc compiler'
arm-none-eabi-gcc -Wall -O0 -g3 -c -fmessage-length=0 -MT"src/xgpio_example.o" -mcpu=cortex-a9 -mfpu=vfpv3 -mfloat-abi=hard -I../../zynq_1_bsp/ps7_cortexa9_0/include -MMD -MP -MF"src/xgpio_example.d" -MT"src/xgpio_example.o" -o "src/xgpio_example.o" "../src/xgpio_example.c"
'Finished building: ../src/xgpio_example.c'
' '
'Building target: zynq_1_bsp_xgpio_example_1.elf'
'Invoking: ARM v7 gcc linker'
arm-none-eabi-gcc -mcpu=cortex-a9 -mfpu=vfpv3 -mfloat-abi=hard -Wl,-build-id=none -specs=Xilinx.spec -Wl,-T -Wl,../src/lscript.ld -L../../zynq_1_bsp/ps7_cortexa9_0/lib -o "zynq_1_bsp_xgpio_example_1.elf"  ./src/xgpio_example.o   -Wl,--start-group,-lxil,-lgcc,-lc,--end-group
'Finished building target: zynq_1_bsp_xgpio_example_1.elf'
' '
'Invoking: ARM v7 Print Size'
arm-none-eabi-size zynq_1_bsp_xgpio_example_1.elf  |tee "zynq_1_bsp_xgpio_example_1.elf.size"
   text	   data	    bss	    dec	    hex	filename
  23712	   1168	  22600	  47480	   b978	zynq_1_bsp_xgpio_example_1.elf
'Finished building: zynq_1_bsp_xgpio_example_1.elf.size'
' '
11:12:14 **** Incremental Build of configuration Debug for project zynq_1 ****
make pre-build main-build 
a9-linaro-pre-build-step
' '
make: Nothing to be done for `main-build'.
11:15:00 **** Auto Build of configuration Debug for project zynq_1 ****
make pre-build main-build 
a9-linaro-pre-build-step
' '
'Building file: ../src/helloworld.c'
'Invoking: ARM v7 gcc compiler'
arm-none-eabi-gcc -Wall -O0 -g3 -c -fmessage-length=0 -MT"src/helloworld.o" -mcpu=cortex-a9 -mfpu=vfpv3 -mfloat-abi=hard -I../../zynq_1_bsp/ps7_cortexa9_0/include -MMD -MP -MF"src/helloworld.d" -MT"src/helloworld.o" -o "src/helloworld.o" "../src/helloworld.c"
In file included from ../src/helloworld.c:50:0:
../src/helloworld.c: In function 'main':
../../zynq_1_bsp/ps7_cortexa9_0/include/xparameters.h:309:30: warning: large integer implicitly truncated to unsigned type [-Woverflow]
 #define XPAR_GPIO_0_BASEADDR 0x41200000
                              ^
../src/helloworld.c:100:35: note: in expansion of macro 'XPAR_GPIO_0_BASEADDR'
  Status = XGpio_Initialize(&Gpio, XPAR_GPIO_0_BASEADDR);
                                   ^~~~~~~~~~~~~~~~~~~~
../src/helloworld.c:109:10: warning: format '%d' expects argument of type 'int *', but argument 2 has type 'u32 * {aka long unsigned int *}' [-Wformat=]
  scanf("%d",&j[k]);
         ~^  ~~~~~
         %ld
../src/helloworld.c:156:5: warning: "/*" within comment [-Wcomment]
     /* Wait a small amount of time so the LED is visible */
      
../src/helloworld.c:98:15: warning: unused variable 'Delay' [-Wunused-variable]
  volatile int Delay;
               ^~~~~
../src/helloworld.c:96:15: warning: unused variable 'outdata1' [-Wunused-variable]
  u32  outdata,outdata1,sum=0;
               ^~~~~~~~
../src/helloworld.c:96:7: warning: unused variable 'outdata' [-Wunused-variable]
  u32  outdata,outdata1,sum=0;
       ^~~~~~~
../src/helloworld.c:95:19: warning: unused variable 'j1' [-Wunused-variable]
   u32 Status,j[5],j1[5];
                   ^~
'Finished building: ../src/helloworld.c'
' '
'Building target: zynq_1.elf'
'Invoking: ARM v7 gcc linker'
arm-none-eabi-gcc -mcpu=cortex-a9 -mfpu=vfpv3 -mfloat-abi=hard -Wl,-build-id=none -specs=Xilinx.spec -Wl,-T -Wl,../src/lscript.ld -L../../zynq_1_bsp/ps7_cortexa9_0/lib -o "zynq_1.elf"  ./src/helloworld.o ./src/platform.o   -Wl,--start-group,-lxil,-lgcc,-lc,--end-group
'Finished building target: zynq_1.elf'
' '
'Invoking: ARM v7 Print Size'
arm-none-eabi-size zynq_1.elf  |tee "zynq_1.elf.size"
   text	   data	    bss	    dec	    hex	filename
 104268	   2736	  23344	 130348	  1fd2c	zynq_1.elf
'Finished building: zynq_1.elf.size'
' '
11:16:29 **** Incremental Build of configuration Debug for project zynq_1 ****
make pre-build main-build 
a9-linaro-pre-build-step
' '
make: Nothing to be done for `main-build'.
16:13:48 **** Auto Build of configuration Debug for project zynq_1 ****
make pre-build main-build 
a9-linaro-pre-build-step
' '
make: Nothing to be done for `main-build'.
16:13:59 **** Auto Build of configuration Debug for project zynq_1 ****
make pre-build main-build 
a9-linaro-pre-build-step
' '
make: Nothing to be done for `main-build'.
16:15:37 **** Auto Build of configuration Debug for project zynq_1 ****
make pre-build main-build 
a9-linaro-pre-build-step
' '
make: Nothing to be done for `main-build'.
16:15:39 **** Auto Build of configuration Debug for project zynq_1 ****
make pre-build main-build 
a9-linaro-pre-build-step
' '
make: Nothing to be done for `main-build'.
16:18:56 **** Auto Build of configuration Debug for project zynq_1 ****
make pre-build main-build 
a9-linaro-pre-build-step
' '
'Building file: ../src/helloworld.c'
'Invoking: ARM v7 gcc compiler'
arm-none-eabi-gcc -Wall -O0 -g3 -c -fmessage-length=0 -MT"src/helloworld.o" -mcpu=cortex-a9 -mfpu=vfpv3 -mfloat-abi=hard -I../../zynq_1_bsp/ps7_cortexa9_0/include -MMD -MP -MF"src/helloworld.d" -MT"src/helloworld.o" -o "src/helloworld.o" "../src/helloworld.c"
In file included from ../src/helloworld.c:51:0:
../src/helloworld.c: In function 'main':
../../zynq_1_bsp/ps7_cortexa9_0/include/xparameters.h:309:30: warning: large integer implicitly truncated to unsigned type [-Woverflow]
 #define XPAR_GPIO_0_BASEADDR 0x41200000
                              ^
../src/helloworld.c:101:35: note: in expansion of macro 'XPAR_GPIO_0_BASEADDR'
  Status = XGpio_Initialize(&Gpio, XPAR_GPIO_0_BASEADDR);
                                   ^~~~~~~~~~~~~~~~~~~~
../src/helloworld.c:157:5: warning: "/*" within comment [-Wcomment]
     /* Wait a small amount of time so the LED is visible */
      
../src/helloworld.c:99:15: warning: unused variable 'Delay' [-Wunused-variable]
  volatile int Delay;
               ^~~~~
../src/helloworld.c:97:15: warning: unused variable 'outdata1' [-Wunused-variable]
  u32  outdata,outdata1,sum=0;
               ^~~~~~~~
../src/helloworld.c:97:7: warning: unused variable 'outdata' [-Wunused-variable]
  u32  outdata,outdata1,sum=0;
       ^~~~~~~
../src/helloworld.c:96:19: warning: unused variable 'j1' [-Wunused-variable]
   u32 Status,j[5],j1[5];
                   ^~
../src/helloworld.c:96:14: warning: unused variable 'j' [-Wunused-variable]
   u32 Status,j[5],j1[5];
              ^
'Finished building: ../src/helloworld.c'
' '
'Building target: zynq_1.elf'
'Invoking: ARM v7 gcc linker'
arm-none-eabi-gcc -mcpu=cortex-a9 -mfpu=vfpv3 -mfloat-abi=hard -Wl,-build-id=none -specs=Xilinx.spec -Wl,-T -Wl,../src/lscript.ld -L../../zynq_1_bsp/ps7_cortexa9_0/lib -o "zynq_1.elf"  ./src/helloworld.o ./src/platform.o   -Wl,--start-group,-lxil,-lgcc,-lc,--end-group
'Finished building target: zynq_1.elf'
' '
'Invoking: ARM v7 Print Size'
arm-none-eabi-size zynq_1.elf  |tee "zynq_1.elf.size"
   text	   data	    bss	    dec	    hex	filename
  24388	   1336	  22584	  48308	   bcb4	zynq_1.elf
'Finished building: zynq_1.elf.size'
' '
16:19:50 **** Incremental Build of configuration Debug for project zynq_1 ****
make pre-build main-build 
a9-linaro-pre-build-step
' '
make: Nothing to be done for `main-build'.
16:21:58 **** Auto Build of configuration Debug for project zynq_1 ****
make pre-build main-build 
a9-linaro-pre-build-step
' '
'Building file: ../src/helloworld.c'
'Invoking: ARM v7 gcc compiler'
arm-none-eabi-gcc -Wall -O0 -g3 -c -fmessage-length=0 -MT"src/helloworld.o" -mcpu=cortex-a9 -mfpu=vfpv3 -mfloat-abi=hard -I../../zynq_1_bsp/ps7_cortexa9_0/include -MMD -MP -MF"src/helloworld.d" -MT"src/helloworld.o" -o "src/helloworld.o" "../src/helloworld.c"
In file included from ../src/helloworld.c:51:0:
../src/helloworld.c: In function 'main':
../../zynq_1_bsp/ps7_cortexa9_0/include/xparameters.h:309:30: warning: large integer implicitly truncated to unsigned type [-Woverflow]
 #define XPAR_GPIO_0_BASEADDR 0x41200000
                              ^
../src/helloworld.c:101:35: note: in expansion of macro 'XPAR_GPIO_0_BASEADDR'
  Status = XGpio_Initialize(&Gpio, XPAR_GPIO_0_BASEADDR);
                                   ^~~~~~~~~~~~~~~~~~~~
../src/helloworld.c:157:5: warning: "/*" within comment [-Wcomment]
     /* Wait a small amount of time so the LED is visible */
      
../src/helloworld.c:99:15: warning: unused variable 'Delay' [-Wunused-variable]
  volatile int Delay;
               ^~~~~
../src/helloworld.c:97:15: warning: unused variable 'outdata1' [-Wunused-variable]
  u32  outdata,outdata1,sum=0;
               ^~~~~~~~
../src/helloworld.c:97:7: warning: unused variable 'outdata' [-Wunused-variable]
  u32  outdata,outdata1,sum=0;
       ^~~~~~~
../src/helloworld.c:96:19: warning: unused variable 'j1' [-Wunused-variable]
   u32 Status,j[5],j1[5];
                   ^~
../src/helloworld.c:96:14: warning: unused variable 'j' [-Wunused-variable]
   u32 Status,j[5],j1[5];
              ^
'Finished building: ../src/helloworld.c'
' '
'Building target: zynq_1.elf'
'Invoking: ARM v7 gcc linker'
arm-none-eabi-gcc -mcpu=cortex-a9 -mfpu=vfpv3 -mfloat-abi=hard -Wl,-build-id=none -specs=Xilinx.spec -Wl,-T -Wl,../src/lscript.ld -L../../zynq_1_bsp/ps7_cortexa9_0/lib -o "zynq_1.elf"  ./src/helloworld.o ./src/platform.o   -Wl,--start-group,-lxil,-lgcc,-lc,--end-group
'Finished building target: zynq_1.elf'
' '
'Invoking: ARM v7 Print Size'
arm-none-eabi-size zynq_1.elf  |tee "zynq_1.elf.size"
   text	   data	    bss	    dec	    hex	filename
  24392	   1336	  22584	  48312	   bcb8	zynq_1.elf
'Finished building: zynq_1.elf.size'
' '
16:22:02 **** Incremental Build of configuration Debug for project zynq_1 ****
make pre-build main-build 
a9-linaro-pre-build-step
' '
make: Nothing to be done for `main-build'.
16:31:14 **** Auto Build of configuration Debug for project zynq_1 ****
make pre-build main-build 
a9-linaro-pre-build-step
' '
'Building file: ../src/helloworld.c'
'Invoking: ARM v7 gcc compiler'
arm-none-eabi-gcc -Wall -O0 -g3 -c -fmessage-length=0 -MT"src/helloworld.o" -mcpu=cortex-a9 -mfpu=vfpv3 -mfloat-abi=hard -I../../zynq_1_bsp/ps7_cortexa9_0/include -MMD -MP -MF"src/helloworld.d" -MT"src/helloworld.o" -o "src/helloworld.o" "../src/helloworld.c"
In file included from ../src/helloworld.c:51:0:
../src/helloworld.c: In function 'main':
../../zynq_1_bsp/ps7_cortexa9_0/include/xparameters.h:309:30: warning: large integer implicitly truncated to unsigned type [-Woverflow]
 #define XPAR_GPIO_0_BASEADDR 0x41200000
                              ^
../src/helloworld.c:101:35: note: in expansion of macro 'XPAR_GPIO_0_BASEADDR'
  Status = XGpio_Initialize(&Gpio, XPAR_GPIO_0_BASEADDR);
                                   ^~~~~~~~~~~~~~~~~~~~
../src/helloworld.c:157:5: warning: "/*" within comment [-Wcomment]
     /* Wait a small amount of time so the LED is visible */
      
../src/helloworld.c:99:15: warning: unused variable 'Delay' [-Wunused-variable]
  volatile int Delay;
               ^~~~~
../src/helloworld.c:97:15: warning: unused variable 'outdata1' [-Wunused-variable]
  u32  outdata,outdata1,sum=0;
               ^~~~~~~~
../src/helloworld.c:97:7: warning: unused variable 'outdata' [-Wunused-variable]
  u32  outdata,outdata1,sum=0;
       ^~~~~~~
../src/helloworld.c:96:19: warning: unused variable 'j1' [-Wunused-variable]
   u32 Status,j[5],j1[5];
                   ^~
../src/helloworld.c:96:14: warning: unused variable 'j' [-Wunused-variable]
   u32 Status,j[5],j1[5];
              ^
'Finished building: ../src/helloworld.c'
' '
'Building target: zynq_1.elf'
'Invoking: ARM v7 gcc linker'
arm-none-eabi-gcc -mcpu=cortex-a9 -mfpu=vfpv3 -mfloat-abi=hard -Wl,-build-id=none -specs=Xilinx.spec -Wl,-T -Wl,../src/lscript.ld -L../../zynq_1_bsp/ps7_cortexa9_0/lib -o "zynq_1.elf"  ./src/helloworld.o ./src/platform.o   -Wl,--start-group,-lxil,-lgcc,-lc,--end-group
'Finished building target: zynq_1.elf'
' '
'Invoking: ARM v7 Print Size'
arm-none-eabi-size zynq_1.elf  |tee "zynq_1.elf.size"
   text	   data	    bss	    dec	    hex	filename
  24388	   1336	  22584	  48308	   bcb4	zynq_1.elf
'Finished building: zynq_1.elf.size'
' '
16:33:20 **** Auto Build of configuration Debug for project zynq_1 ****
make pre-build main-build 
a9-linaro-pre-build-step
' '
'Building file: ../src/helloworld.c'
'Invoking: ARM v7 gcc compiler'
arm-none-eabi-gcc -Wall -O0 -g3 -c -fmessage-length=0 -MT"src/helloworld.o" -mcpu=cortex-a9 -mfpu=vfpv3 -mfloat-abi=hard -I../../zynq_1_bsp/ps7_cortexa9_0/include -MMD -MP -MF"src/helloworld.d" -MT"src/helloworld.o" -o "src/helloworld.o" "../src/helloworld.c"
In file included from ../src/helloworld.c:51:0:
../src/helloworld.c: In function 'main':
../../zynq_1_bsp/ps7_cortexa9_0/include/xparameters.h:309:30: warning: large integer implicitly truncated to unsigned type [-Woverflow]
 #define XPAR_GPIO_0_BASEADDR 0x41200000
                              ^
../src/helloworld.c:101:35: note: in expansion of macro 'XPAR_GPIO_0_BASEADDR'
  Status = XGpio_Initialize(&Gpio, XPAR_GPIO_0_BASEADDR);
                                   ^~~~~~~~~~~~~~~~~~~~
../src/helloworld.c:110:10: warning: format '%d' expects argument of type 'int *', but argument 2 has type 'u32 * {aka long unsigned int *}' [-Wformat=]
  scanf("%d",&j[k]);
         ~^  ~~~~~
         %ld
../src/helloworld.c:157:5: warning: "/*" within comment [-Wcomment]
     /* Wait a small amount of time so the LED is visible */
      
../src/helloworld.c:99:15: warning: unused variable 'Delay' [-Wunused-variable]
  volatile int Delay;
               ^~~~~
../src/helloworld.c:97:15: warning: unused variable 'outdata1' [-Wunused-variable]
  u32  outdata,outdata1,sum=0;
               ^~~~~~~~
../src/helloworld.c:97:7: warning: unused variable 'outdata' [-Wunused-variable]
  u32  outdata,outdata1,sum=0;
       ^~~~~~~
../src/helloworld.c:96:19: warning: unused variable 'j1' [-Wunused-variable]
   u32 Status,j[5],j1[5];
                   ^~
'Finished building: ../src/helloworld.c'
' '
'Building target: zynq_1.elf'
'Invoking: ARM v7 gcc linker'
arm-none-eabi-gcc -mcpu=cortex-a9 -mfpu=vfpv3 -mfloat-abi=hard -Wl,-build-id=none -specs=Xilinx.spec -Wl,-T -Wl,../src/lscript.ld -L../../zynq_1_bsp/ps7_cortexa9_0/lib -o "zynq_1.elf"  ./src/helloworld.o ./src/platform.o   -Wl,--start-group,-lxil,-lgcc,-lc,--end-group
'Finished building target: zynq_1.elf'
' '
'Invoking: ARM v7 Print Size'
arm-none-eabi-size zynq_1.elf  |tee "zynq_1.elf.size"
   text	   data	    bss	    dec	    hex	filename
 104268	   2768	  23344	 130380	  1fd4c	zynq_1.elf
'Finished building: zynq_1.elf.size'
' '
16:33:34 **** Incremental Build of configuration Debug for project zynq_1 ****
make pre-build main-build 
a9-linaro-pre-build-step
' '
'Building file: ../src/helloworld.c'
'Invoking: ARM v7 gcc compiler'
arm-none-eabi-gcc -Wall -O0 -g3 -c -fmessage-length=0 -MT"src/helloworld.o" -mcpu=cortex-a9 -mfpu=vfpv3 -mfloat-abi=hard -I../../zynq_1_bsp/ps7_cortexa9_0/include -MMD -MP -MF"src/helloworld.d" -MT"src/helloworld.o" -o "src/helloworld.o" "../src/helloworld.c"
In file included from ../src/helloworld.c:51:0:
../src/helloworld.c: In function 'main':
../../zynq_1_bsp/ps7_cortexa9_0/include/xparameters.h:309:30: warning: large integer implicitly truncated to unsigned type [-Woverflow]
 #define XPAR_GPIO_0_BASEADDR 0x41200000
                              ^
../src/helloworld.c:101:35: note: in expansion of macro 'XPAR_GPIO_0_BASEADDR'
  Status = XGpio_Initialize(&Gpio, XPAR_GPIO_0_BASEADDR);
                                   ^~~~~~~~~~~~~~~~~~~~
../src/helloworld.c:110:10: warning: format '%d' expects argument of type 'int *', but argument 2 has type 'u32 * {aka long unsigned int *}' [-Wformat=]
  scanf("%d",&j[k]);
         ~^  ~~~~~
         %ld
../src/helloworld.c:157:5: warning: "/*" within comment [-Wcomment]
     /* Wait a small amount of time so the LED is visible */
      
../src/helloworld.c:99:15: warning: unused variable 'Delay' [-Wunused-variable]
  volatile int Delay;
               ^~~~~
../src/helloworld.c:97:15: warning: unused variable 'outdata1' [-Wunused-variable]
  u32  outdata,outdata1,sum=0;
               ^~~~~~~~
../src/helloworld.c:97:7: warning: unused variable 'outdata' [-Wunused-variable]
  u32  outdata,outdata1,sum=0;
       ^~~~~~~
../src/helloworld.c:96:19: warning: unused variable 'j1' [-Wunused-variable]
   u32 Status,j[5],j1[5];
                   ^~
'Finished building: ../src/helloworld.c'
' '
'Building target: zynq_1.elf'
'Invoking: ARM v7 gcc linker'
arm-none-eabi-gcc -mcpu=cortex-a9 -mfpu=vfpv3 -mfloat-abi=hard -Wl,-build-id=none -specs=Xilinx.spec -Wl,-T -Wl,../src/lscript.ld -L../../zynq_1_bsp/ps7_cortexa9_0/lib -o "zynq_1.elf"  ./src/helloworld.o ./src/platform.o   -Wl,--start-group,-lxil,-lgcc,-lc,--end-group
'Finished building target: zynq_1.elf'
' '
'Invoking: ARM v7 Print Size'
arm-none-eabi-size zynq_1.elf  |tee "zynq_1.elf.size"
   text	   data	    bss	    dec	    hex	filename
 104268	   2768	  23376	 130412	  1fd6c	zynq_1.elf
'Finished building: zynq_1.elf.size'
' '
16:34:26 **** Auto Build of configuration Debug for project zynq_1 ****
make pre-build main-build 
a9-linaro-pre-build-step
' '
'Building file: ../src/helloworld.c'
'Invoking: ARM v7 gcc compiler'
arm-none-eabi-gcc -Wall -O0 -g3 -c -fmessage-length=0 -MT"src/helloworld.o" -mcpu=cortex-a9 -mfpu=vfpv3 -mfloat-abi=hard -I../../zynq_1_bsp/ps7_cortexa9_0/include -MMD -MP -MF"src/helloworld.d" -MT"src/helloworld.o" -o "src/helloworld.o" "../src/helloworld.c"
In file included from ../src/helloworld.c:51:0:
../src/helloworld.c: In function 'main':
../../zynq_1_bsp/ps7_cortexa9_0/include/xparameters.h:309:30: warning: large integer implicitly truncated to unsigned type [-Woverflow]
 #define XPAR_GPIO_0_BASEADDR 0x41200000
                              ^
../src/helloworld.c:101:35: note: in expansion of macro 'XPAR_GPIO_0_BASEADDR'
  Status = XGpio_Initialize(&Gpio, XPAR_GPIO_0_BASEADDR);
                                   ^~~~~~~~~~~~~~~~~~~~
../src/helloworld.c:110:10: warning: format '%d' expects argument of type 'int *', but argument 2 has type 'u32 * {aka long unsigned int *}' [-Wformat=]
  scanf("%d",&j[k]);
         ~^  ~~~~~
         %ld
../src/helloworld.c:157:5: warning: "/*" within comment [-Wcomment]
     /* Wait a small amount of time so the LED is visible */
      
../src/helloworld.c:99:15: warning: unused variable 'Delay' [-Wunused-variable]
  volatile int Delay;
               ^~~~~
../src/helloworld.c:97:15: warning: unused variable 'outdata1' [-Wunused-variable]
  u32  outdata,outdata1,sum=0;
               ^~~~~~~~
../src/helloworld.c:97:7: warning: unused variable 'outdata' [-Wunused-variable]
  u32  outdata,outdata1,sum=0;
       ^~~~~~~
../src/helloworld.c:96:19: warning: unused variable 'j1' [-Wunused-variable]
   u32 Status,j[5],j1[5];
                   ^~
'Finished building: ../src/helloworld.c'
' '
'Building target: zynq_1.elf'
'Invoking: ARM v7 gcc linker'
arm-none-eabi-gcc -mcpu=cortex-a9 -mfpu=vfpv3 -mfloat-abi=hard -Wl,-build-id=none -specs=Xilinx.spec -Wl,-T -Wl,../src/lscript.ld -L../../zynq_1_bsp/ps7_cortexa9_0/lib -o "zynq_1.elf"  ./src/helloworld.o ./src/platform.o   -Wl,--start-group,-lxil,-lgcc,-lc,--end-group
'Finished building target: zynq_1.elf'
' '
'Invoking: ARM v7 Print Size'
arm-none-eabi-size zynq_1.elf  |tee "zynq_1.elf.size"
   text	   data	    bss	    dec	    hex	filename
 104268	   2768	  23376	 130412	  1fd6c	zynq_1.elf
'Finished building: zynq_1.elf.size'
' '
16:34:30 **** Incremental Build of configuration Debug for project zynq_1 ****
make pre-build main-build 
a9-linaro-pre-build-step
' '
make: Nothing to be done for `main-build'.
16:35:16 **** Incremental Build of configuration Debug for project zynq_1 ****
make pre-build main-build 
a9-linaro-pre-build-step
' '
make: Nothing to be done for `main-build'.
12:59:37 **** Build of project zynq_1_bsp ****
make -k all 
"Running Make include in ps7_cortexa9_0/libsrc/bram_v4_2/src"
make -C ps7_cortexa9_0/libsrc/bram_v4_2/src -s include  "SHELL=CMD" "COMPILER=arm-none-eabi-gcc" "ARCHIVER=arm-none-eabi-ar" "COMPILER_FLAGS=  -O2 -c" "EXTRA_COMPILER_FLAGS=-mcpu=cortex-a9 -mfpu=vfpv3 -mfloat-abi=hard -nostartfiles -g -Wall -Wextra"
"Running Make include in ps7_cortexa9_0/libsrc/coresightps_dcc_v1_4/src"
make -C ps7_cortexa9_0/libsrc/coresightps_dcc_v1_4/src -s include  "SHELL=CMD" "COMPILER=arm-none-eabi-gcc" "ARCHIVER=arm-none-eabi-ar" "COMPILER_FLAGS=  -O2 -c" "EXTRA_COMPILER_FLAGS=-mcpu=cortex-a9 -mfpu=vfpv3 -mfloat-abi=hard -nostartfiles -g -Wall -Wextra"
"Running Make include in ps7_cortexa9_0/libsrc/cpu_cortexa9_v2_6/src"
make -C ps7_cortexa9_0/libsrc/cpu_cortexa9_v2_6/src -s include  "SHELL=CMD" "COMPILER=arm-none-eabi-gcc" "ARCHIVER=arm-none-eabi-ar" "COMPILER_FLAGS=  -O2 -c" "EXTRA_COMPILER_FLAGS=-mcpu=cortex-a9 -mfpu=vfpv3 -mfloat-abi=hard -nostartfiles -g -Wall -Wextra"
"Running Make include in ps7_cortexa9_0/libsrc/ddrps_v1_0/src"
make -C ps7_cortexa9_0/libsrc/ddrps_v1_0/src -s include  "SHELL=CMD" "COMPILER=arm-none-eabi-gcc" "ARCHIVER=arm-none-eabi-ar" "COMPILER_FLAGS=  -O2 -c" "EXTRA_COMPILER_FLAGS=-mcpu=cortex-a9 -mfpu=vfpv3 -mfloat-abi=hard -nostartfiles -g -Wall -Wextra"
"Running Make include in ps7_cortexa9_0/libsrc/devcfg_v3_5/src"
make -C ps7_cortexa9_0/libsrc/devcfg_v3_5/src -s include  "SHELL=CMD" "COMPILER=arm-none-eabi-gcc" "ARCHIVER=arm-none-eabi-ar" "COMPILER_FLAGS=  -O2 -c" "EXTRA_COMPILER_FLAGS=-mcpu=cortex-a9 -mfpu=vfpv3 -mfloat-abi=hard -nostartfiles -g -Wall -Wextra"
"Running Make include in ps7_cortexa9_0/libsrc/dmaps_v2_3/src"
make -C ps7_cortexa9_0/libsrc/dmaps_v2_3/src -s include  "SHELL=CMD" "COMPILER=arm-none-eabi-gcc" "ARCHIVER=arm-none-eabi-ar" "COMPILER_FLAGS=  -O2 -c" "EXTRA_COMPILER_FLAGS=-mcpu=cortex-a9 -mfpu=vfpv3 -mfloat-abi=hard -nostartfiles -g -Wall -Wextra"
"Running Make include in ps7_cortexa9_0/libsrc/emacps_v3_7/src"
make -C ps7_cortexa9_0/libsrc/emacps_v3_7/src -s include  "SHELL=CMD" "COMPILER=arm-none-eabi-gcc" "ARCHIVER=arm-none-eabi-ar" "COMPILER_FLAGS=  -O2 -c" "EXTRA_COMPILER_FLAGS=-mcpu=cortex-a9 -mfpu=vfpv3 -mfloat-abi=hard -nostartfiles -g -Wall -Wextra"
"Running Make include in ps7_cortexa9_0/libsrc/gpio_v4_3/src"
make -C ps7_cortexa9_0/libsrc/gpio_v4_3/src -s include  "SHELL=CMD" "COMPILER=arm-none-eabi-gcc" "ARCHIVER=arm-none-eabi-ar" "COMPILER_FLAGS=  -O2 -c" "EXTRA_COMPILER_FLAGS=-mcpu=cortex-a9 -mfpu=vfpv3 -mfloat-abi=hard -nostartfiles -g -Wall -Wextra"
"Running Make include in ps7_cortexa9_0/libsrc/gpiops_v3_3/src"
make -C ps7_cortexa9_0/libsrc/gpiops_v3_3/src -s include  "SHELL=CMD" "COMPILER=arm-none-eabi-gcc" "ARCHIVER=arm-none-eabi-ar" "COMPILER_FLAGS=  -O2 -c" "EXTRA_COMPILER_FLAGS=-mcpu=cortex-a9 -mfpu=vfpv3 -mfloat-abi=hard -nostartfiles -g -Wall -Wextra"
"Running Make include in ps7_cortexa9_0/libsrc/qspips_v3_4/src"
make -C ps7_cortexa9_0/libsrc/qspips_v3_4/src -s include  "SHELL=CMD" "COMPILER=arm-none-eabi-gcc" "ARCHIVER=arm-none-eabi-ar" "COMPILER_FLAGS=  -O2 -c" "EXTRA_COMPILER_FLAGS=-mcpu=cortex-a9 -mfpu=vfpv3 -mfloat-abi=hard -nostartfiles -g -Wall -Wextra"
"Running Make include in ps7_cortexa9_0/libsrc/scugic_v3_9/src"
make -C ps7_cortexa9_0/libsrc/scugic_v3_9/src -s include  "SHELL=CMD" "COMPILER=arm-none-eabi-gcc" "ARCHIVER=arm-none-eabi-ar" "COMPILER_FLAGS=  -O2 -c" "EXTRA_COMPILER_FLAGS=-mcpu=cortex-a9 -mfpu=vfpv3 -mfloat-abi=hard -nostartfiles -g -Wall -Wextra"
"Running Make include in ps7_cortexa9_0/libsrc/scutimer_v2_1/src"
make -C ps7_cortexa9_0/libsrc/scutimer_v2_1/src -s include  "SHELL=CMD" "COMPILER=arm-none-eabi-gcc" "ARCHIVER=arm-none-eabi-ar" "COMPILER_FLAGS=  -O2 -c" "EXTRA_COMPILER_FLAGS=-mcpu=cortex-a9 -mfpu=vfpv3 -mfloat-abi=hard -nostartfiles -g -Wall -Wextra"
"Running Make include in ps7_cortexa9_0/libsrc/scuwdt_v2_1/src"
make -C ps7_cortexa9_0/libsrc/scuwdt_v2_1/src -s include  "SHELL=CMD" "COMPILER=arm-none-eabi-gcc" "ARCHIVER=arm-none-eabi-ar" "COMPILER_FLAGS=  -O2 -c" "EXTRA_COMPILER_FLAGS=-mcpu=cortex-a9 -mfpu=vfpv3 -mfloat-abi=hard -nostartfiles -g -Wall -Wextra"
"Running Make include in ps7_cortexa9_0/libsrc/sdps_v3_5/src"
make -C ps7_cortexa9_0/libsrc/sdps_v3_5/src -s include  "SHELL=CMD" "COMPILER=arm-none-eabi-gcc" "ARCHIVER=arm-none-eabi-ar" "COMPILER_FLAGS=  -O2 -c" "EXTRA_COMPILER_FLAGS=-mcpu=cortex-a9 -mfpu=vfpv3 -mfloat-abi=hard -nostartfiles -g -Wall -Wextra"
"Running Make include in ps7_cortexa9_0/libsrc/standalone_v6_7/src"
make -C ps7_cortexa9_0/libsrc/standalone_v6_7/src -s include  "SHELL=CMD" "COMPILER=arm-none-eabi-gcc" "ARCHIVER=arm-none-eabi-ar" "COMPILER_FLAGS=  -O2 -c" "EXTRA_COMPILER_FLAGS=-mcpu=cortex-a9 -mfpu=vfpv3 -mfloat-abi=hard -nostartfiles -g -Wall -Wextra"
"Running Make include in ps7_cortexa9_0/libsrc/ttcps_v3_6/src"
make -C ps7_cortexa9_0/libsrc/ttcps_v3_6/src -s include  "SHELL=CMD" "COMPILER=arm-none-eabi-gcc" "ARCHIVER=arm-none-eabi-ar" "COMPILER_FLAGS=  -O2 -c" "EXTRA_COMPILER_FLAGS=-mcpu=cortex-a9 -mfpu=vfpv3 -mfloat-abi=hard -nostartfiles -g -Wall -Wextra"
"Running Make include in ps7_cortexa9_0/libsrc/uartps_v3_6/src"
make -C ps7_cortexa9_0/libsrc/uartps_v3_6/src -s include  "SHELL=CMD" "COMPILER=arm-none-eabi-gcc" "ARCHIVER=arm-none-eabi-ar" "COMPILER_FLAGS=  -O2 -c" "EXTRA_COMPILER_FLAGS=-mcpu=cortex-a9 -mfpu=vfpv3 -mfloat-abi=hard -nostartfiles -g -Wall -Wextra"
"Running Make include in ps7_cortexa9_0/libsrc/usbps_v2_4/src"
make -C ps7_cortexa9_0/libsrc/usbps_v2_4/src -s include  "SHELL=CMD" "COMPILER=arm-none-eabi-gcc" "ARCHIVER=arm-none-eabi-ar" "COMPILER_FLAGS=  -O2 -c" "EXTRA_COMPILER_FLAGS=-mcpu=cortex-a9 -mfpu=vfpv3 -mfloat-abi=hard -nostartfiles -g -Wall -Wextra"
"Running Make include in ps7_cortexa9_0/libsrc/xadcps_v2_2/src"
make -C ps7_cortexa9_0/libsrc/xadcps_v2_2/src -s include  "SHELL=CMD" "COMPILER=arm-none-eabi-gcc" "ARCHIVER=arm-none-eabi-ar" "COMPILER_FLAGS=  -O2 -c" "EXTRA_COMPILER_FLAGS=-mcpu=cortex-a9 -mfpu=vfpv3 -mfloat-abi=hard -nostartfiles -g -Wall -Wextra"
"Running Make libs in ps7_cortexa9_0/libsrc/bram_v4_2/src"
make -C ps7_cortexa9_0/libsrc/bram_v4_2/src -s libs  "SHELL=CMD" "COMPILER=arm-none-eabi-gcc" "ARCHIVER=arm-none-eabi-ar" "COMPILER_FLAGS=  -O2 -c" "EXTRA_COMPILER_FLAGS=-mcpu=cortex-a9 -mfpu=vfpv3 -mfloat-abi=hard -nostartfiles -g -Wall -Wextra"
"Compiling bram"
"Running Make libs in ps7_cortexa9_0/libsrc/coresightps_dcc_v1_4/src"
make -C ps7_cortexa9_0/libsrc/coresightps_dcc_v1_4/src -s libs  "SHELL=CMD" "COMPILER=arm-none-eabi-gcc" "ARCHIVER=arm-none-eabi-ar" "COMPILER_FLAGS=  -O2 -c" "EXTRA_COMPILER_FLAGS=-mcpu=cortex-a9 -mfpu=vfpv3 -mfloat-abi=hard -nostartfiles -g -Wall -Wextra"
"Compiling coresightps_dcc"
"Running Make libs in ps7_cortexa9_0/libsrc/cpu_cortexa9_v2_6/src"
make -C ps7_cortexa9_0/libsrc/cpu_cortexa9_v2_6/src -s libs  "SHELL=CMD" "COMPILER=arm-none-eabi-gcc" "ARCHIVER=arm-none-eabi-ar" "COMPILER_FLAGS=  -O2 -c" "EXTRA_COMPILER_FLAGS=-mcpu=cortex-a9 -mfpu=vfpv3 -mfloat-abi=hard -nostartfiles -g -Wall -Wextra"
"Compiling cpu_cortexa9"
"Running Make libs in ps7_cortexa9_0/libsrc/ddrps_v1_0/src"
make -C ps7_cortexa9_0/libsrc/ddrps_v1_0/src -s libs  "SHELL=CMD" "COMPILER=arm-none-eabi-gcc" "ARCHIVER=arm-none-eabi-ar" "COMPILER_FLAGS=  -O2 -c" "EXTRA_COMPILER_FLAGS=-mcpu=cortex-a9 -mfpu=vfpv3 -mfloat-abi=hard -nostartfiles -g -Wall -Wextra"
"Compiling ddrps"
"Running Make libs in ps7_cortexa9_0/libsrc/devcfg_v3_5/src"
make -C ps7_cortexa9_0/libsrc/devcfg_v3_5/src -s libs  "SHELL=CMD" "COMPILER=arm-none-eabi-gcc" "ARCHIVER=arm-none-eabi-ar" "COMPILER_FLAGS=  -O2 -c" "EXTRA_COMPILER_FLAGS=-mcpu=cortex-a9 -mfpu=vfpv3 -mfloat-abi=hard -nostartfiles -g -Wall -Wextra"
"Compiling devcfg"
"Running Make libs in ps7_cortexa9_0/libsrc/dmaps_v2_3/src"
make -C ps7_cortexa9_0/libsrc/dmaps_v2_3/src -s libs  "SHELL=CMD" "COMPILER=arm-none-eabi-gcc" "ARCHIVER=arm-none-eabi-ar" "COMPILER_FLAGS=  -O2 -c" "EXTRA_COMPILER_FLAGS=-mcpu=cortex-a9 -mfpu=vfpv3 -mfloat-abi=hard -nostartfiles -g -Wall -Wextra"
"Compiling dmaps"
"Running Make libs in ps7_cortexa9_0/libsrc/emacps_v3_7/src"
make -C ps7_cortexa9_0/libsrc/emacps_v3_7/src -s libs  "SHELL=CMD" "COMPILER=arm-none-eabi-gcc" "ARCHIVER=arm-none-eabi-ar" "COMPILER_FLAGS=  -O2 -c" "EXTRA_COMPILER_FLAGS=-mcpu=cortex-a9 -mfpu=vfpv3 -mfloat-abi=hard -nostartfiles -g -Wall -Wextra"
"Compiling emacps"
"Running Make libs in ps7_cortexa9_0/libsrc/gpio_v4_3/src"
make -C ps7_cortexa9_0/libsrc/gpio_v4_3/src -s libs  "SHELL=CMD" "COMPILER=arm-none-eabi-gcc" "ARCHIVER=arm-none-eabi-ar" "COMPILER_FLAGS=  -O2 -c" "EXTRA_COMPILER_FLAGS=-mcpu=cortex-a9 -mfpu=vfpv3 -mfloat-abi=hard -nostartfiles -g -Wall -Wextra"
"Compiling gpio"
"Running Make libs in ps7_cortexa9_0/libsrc/gpiops_v3_3/src"
make -C ps7_cortexa9_0/libsrc/gpiops_v3_3/src -s libs  "SHELL=CMD" "COMPILER=arm-none-eabi-gcc" "ARCHIVER=arm-none-eabi-ar" "COMPILER_FLAGS=  -O2 -c" "EXTRA_COMPILER_FLAGS=-mcpu=cortex-a9 -mfpu=vfpv3 -mfloat-abi=hard -nostartfiles -g -Wall -Wextra"
"Compiling gpiops"
"Running Make libs in ps7_cortexa9_0/libsrc/qspips_v3_4/src"
make -C ps7_cortexa9_0/libsrc/qspips_v3_4/src -s libs  "SHELL=CMD" "COMPILER=arm-none-eabi-gcc" "ARCHIVER=arm-none-eabi-ar" "COMPILER_FLAGS=  -O2 -c" "EXTRA_COMPILER_FLAGS=-mcpu=cortex-a9 -mfpu=vfpv3 -mfloat-abi=hard -nostartfiles -g -Wall -Wextra"
"Compiling qspips"
"Running Make libs in ps7_cortexa9_0/libsrc/scugic_v3_9/src"
make -C ps7_cortexa9_0/libsrc/scugic_v3_9/src -s libs  "SHELL=CMD" "COMPILER=arm-none-eabi-gcc" "ARCHIVER=arm-none-eabi-ar" "COMPILER_FLAGS=  -O2 -c" "EXTRA_COMPILER_FLAGS=-mcpu=cortex-a9 -mfpu=vfpv3 -mfloat-abi=hard -nostartfiles -g -Wall -Wextra"
"Compiling scugic"
"Running Make libs in ps7_cortexa9_0/libsrc/scutimer_v2_1/src"
make -C ps7_cortexa9_0/libsrc/scutimer_v2_1/src -s libs  "SHELL=CMD" "COMPILER=arm-none-eabi-gcc" "ARCHIVER=arm-none-eabi-ar" "COMPILER_FLAGS=  -O2 -c" "EXTRA_COMPILER_FLAGS=-mcpu=cortex-a9 -mfpu=vfpv3 -mfloat-abi=hard -nostartfiles -g -Wall -Wextra"
"Compiling scutimer"
"Running Make libs in ps7_cortexa9_0/libsrc/scuwdt_v2_1/src"
make -C ps7_cortexa9_0/libsrc/scuwdt_v2_1/src -s libs  "SHELL=CMD" "COMPILER=arm-none-eabi-gcc" "ARCHIVER=arm-none-eabi-ar" "COMPILER_FLAGS=  -O2 -c" "EXTRA_COMPILER_FLAGS=-mcpu=cortex-a9 -mfpu=vfpv3 -mfloat-abi=hard -nostartfiles -g -Wall -Wextra"
"Compiling scuwdt"
"Running Make libs in ps7_cortexa9_0/libsrc/sdps_v3_5/src"
make -C ps7_cortexa9_0/libsrc/sdps_v3_5/src -s libs  "SHELL=CMD" "COMPILER=arm-none-eabi-gcc" "ARCHIVER=arm-none-eabi-ar" "COMPILER_FLAGS=  -O2 -c" "EXTRA_COMPILER_FLAGS=-mcpu=cortex-a9 -mfpu=vfpv3 -mfloat-abi=hard -nostartfiles -g -Wall -Wextra"
"Compiling sdps"
"Running Make libs in ps7_cortexa9_0/libsrc/standalone_v6_7/src"
make -C ps7_cortexa9_0/libsrc/standalone_v6_7/src -s libs  "SHELL=CMD" "COMPILER=arm-none-eabi-gcc" "ARCHIVER=arm-none-eabi-ar" "COMPILER_FLAGS=  -O2 -c" "EXTRA_COMPILER_FLAGS=-mcpu=cortex-a9 -mfpu=vfpv3 -mfloat-abi=hard -nostartfiles -g -Wall -Wextra"
"Compiling standalone"
"Running Make libs in ps7_cortexa9_0/libsrc/ttcps_v3_6/src"
make -C ps7_cortexa9_0/libsrc/ttcps_v3_6/src -s libs  "SHELL=CMD" "COMPILER=arm-none-eabi-gcc" "ARCHIVER=arm-none-eabi-ar" "COMPILER_FLAGS=  -O2 -c" "EXTRA_COMPILER_FLAGS=-mcpu=cortex-a9 -mfpu=vfpv3 -mfloat-abi=hard -nostartfiles -g -Wall -Wextra"
"Compiling ttcps"
"Running Make libs in ps7_cortexa9_0/libsrc/uartps_v3_6/src"
make -C ps7_cortexa9_0/libsrc/uartps_v3_6/src -s libs  "SHELL=CMD" "COMPILER=arm-none-eabi-gcc" "ARCHIVER=arm-none-eabi-ar" "COMPILER_FLAGS=  -O2 -c" "EXTRA_COMPILER_FLAGS=-mcpu=cortex-a9 -mfpu=vfpv3 -mfloat-abi=hard -nostartfiles -g -Wall -Wextra"
"Compiling uartps"
"Running Make libs in ps7_cortexa9_0/libsrc/usbps_v2_4/src"
make -C ps7_cortexa9_0/libsrc/usbps_v2_4/src -s libs  "SHELL=CMD" "COMPILER=arm-none-eabi-gcc" "ARCHIVER=arm-none-eabi-ar" "COMPILER_FLAGS=  -O2 -c" "EXTRA_COMPILER_FLAGS=-mcpu=cortex-a9 -mfpu=vfpv3 -mfloat-abi=hard -nostartfiles -g -Wall -Wextra"
"Compiling usbps"
"Running Make libs in ps7_cortexa9_0/libsrc/xadcps_v2_2/src"
make -C ps7_cortexa9_0/libsrc/xadcps_v2_2/src -s libs  "SHELL=CMD" "COMPILER=arm-none-eabi-gcc" "ARCHIVER=arm-none-eabi-ar" "COMPILER_FLAGS=  -O2 -c" "EXTRA_COMPILER_FLAGS=-mcpu=cortex-a9 -mfpu=vfpv3 -mfloat-abi=hard -nostartfiles -g -Wall -Wextra"
"Compiling xadcps"
'Finished building libraries'
12:59:57 **** Build of configuration Debug for project zynq_1 ****
make pre-build main-build 
a9-linaro-pre-build-step
' '
'Building file: ../src/helloworld.c'
'Invoking: ARM v7 gcc compiler'
arm-none-eabi-gcc -Wall -O0 -g3 -c -fmessage-length=0 -MT"src/helloworld.o" -mcpu=cortex-a9 -mfpu=vfpv3 -mfloat-abi=hard -I../../zynq_1_bsp/ps7_cortexa9_0/include -MMD -MP -MF"src/helloworld.d" -MT"src/helloworld.o" -o "src/helloworld.o" "../src/helloworld.c"
In file included from ../src/helloworld.c:51:0:
../src/helloworld.c: In function 'main':
../../zynq_1_bsp/ps7_cortexa9_0/include/xparameters.h:309:30: warning: large integer implicitly truncated to unsigned type [-Woverflow]
 #define XPAR_GPIO_0_BASEADDR 0x41200000
                              ^
../src/helloworld.c:101:35: note: in expansion of macro 'XPAR_GPIO_0_BASEADDR'
  Status = XGpio_Initialize(&Gpio, XPAR_GPIO_0_BASEADDR);
                                   ^~~~~~~~~~~~~~~~~~~~
../src/helloworld.c:110:10: warning: format '%d' expects argument of type 'int *', but argument 2 has type 'u32 * {aka long unsigned int *}' [-Wformat=]
  scanf("%d",&j[k]);
         ~^  ~~~~~
         %ld
../src/helloworld.c:157:5: warning: "/*" within comment [-Wcomment]
     /* Wait a small amount of time so the LED is visible */
      
../src/helloworld.c:99:15: warning: unused variable 'Delay' [-Wunused-variable]
  volatile int Delay;
               ^~~~~
../src/helloworld.c:97:15: warning: unused variable 'outdata1' [-Wunused-variable]
  u32  outdata,outdata1,sum=0;
               ^~~~~~~~
../src/helloworld.c:97:7: warning: unused variable 'outdata' [-Wunused-variable]
  u32  outdata,outdata1,sum=0;
       ^~~~~~~
../src/helloworld.c:96:19: warning: unused variable 'j1' [-Wunused-variable]
   u32 Status,j[5],j1[5];
                   ^~
'Finished building: ../src/helloworld.c'
' '
'Building file: ../src/platform.c'
'Invoking: ARM v7 gcc compiler'
arm-none-eabi-gcc -Wall -O0 -g3 -c -fmessage-length=0 -MT"src/platform.o" -mcpu=cortex-a9 -mfpu=vfpv3 -mfloat-abi=hard -I../../zynq_1_bsp/ps7_cortexa9_0/include -MMD -MP -MF"src/platform.d" -MT"src/platform.o" -o "src/platform.o" "../src/platform.c"
'Finished building: ../src/platform.c'
' '
'Building target: zynq_1.elf'
'Invoking: ARM v7 gcc linker'
arm-none-eabi-gcc -mcpu=cortex-a9 -mfpu=vfpv3 -mfloat-abi=hard -Wl,-build-id=none -specs=Xilinx.spec -Wl,-T -Wl,../src/lscript.ld -L../../zynq_1_bsp/ps7_cortexa9_0/lib -o "zynq_1.elf"  ./src/helloworld.o ./src/platform.o   -Wl,--start-group,-lxil,-lgcc,-lc,--end-group
'Finished building target: zynq_1.elf'
' '
'Invoking: ARM v7 Print Size'
arm-none-eabi-size zynq_1.elf  |tee "zynq_1.elf.size"
   text	   data	    bss	    dec	    hex	filename
 104268	   2768	  23376	 130412	  1fd6c	zynq_1.elf
'Finished building: zynq_1.elf.size'
' '
13:00:01 **** Build of configuration Debug for project zynq_1_bsp_xbram_example_1 ****
make pre-build main-build 
a9-linaro-pre-build-step
' '
'Building file: ../src/xbram_example.c'
'Invoking: ARM v7 gcc compiler'
arm-none-eabi-gcc -Wall -O0 -g3 -c -fmessage-length=0 -MT"src/xbram_example.o" -mcpu=cortex-a9 -mfpu=vfpv3 -mfloat-abi=hard -I../../zynq_1_bsp/ps7_cortexa9_0/include -MMD -MP -MF"src/xbram_example.d" -MT"src/xbram_example.o" -o "src/xbram_example.o" "../src/xbram_example.c"
In file included from ../src/xbram_example.c:57:0:
../../zynq_1_bsp/ps7_cortexa9_0/include/xparameters.h:19:10: fatal error: xparameters_ps.h: No such file or directory
 #include "xparameters_ps.h"
          ^~~~~~~~~~~~~~~~~~
compilation terminated.
make: *** [src/xbram_example.o] Error 1
13:00:04 **** Build of configuration Debug for project zynq_1_bsp_xgpio_example_1 ****
make pre-build main-build 
a9-linaro-pre-build-step
' '
'Building file: ../src/xgpio_example.c'
'Invoking: ARM v7 gcc compiler'
arm-none-eabi-gcc -Wall -O0 -g3 -c -fmessage-length=0 -MT"src/xgpio_example.o" -mcpu=cortex-a9 -mfpu=vfpv3 -mfloat-abi=hard -I../../zynq_1_bsp/ps7_cortexa9_0/include -MMD -MP -MF"src/xgpio_example.d" -MT"src/xgpio_example.o" -o "src/xgpio_example.o" "../src/xgpio_example.c"
In file included from ../src/xgpio_example.c:65:0:
../../zynq_1_bsp/ps7_cortexa9_0/include/xparameters.h:19:10: fatal error: xparameters_ps.h: No such file or directory
 #include "xparameters_ps.h"
          ^~~~~~~~~~~~~~~~~~
compilation terminated.
make: *** [src/xgpio_example.o] Error 1
13:01:30 **** Auto Build of project zynq_1_bsp ****
make -k all 
"Running Make include in ps7_cortexa9_0/libsrc/bram_v4_2/src"
make -C ps7_cortexa9_0/libsrc/bram_v4_2/src -s include  "SHELL=CMD" "COMPILER=arm-none-eabi-gcc" "ARCHIVER=arm-none-eabi-ar" "COMPILER_FLAGS=  -O2 -c" "EXTRA_COMPILER_FLAGS=-mcpu=cortex-a9 -mfpu=vfpv3 -mfloat-abi=hard -nostartfiles -g -Wall -Wextra"
"Running Make include in ps7_cortexa9_0/libsrc/coresightps_dcc_v1_4/src"
make -C ps7_cortexa9_0/libsrc/coresightps_dcc_v1_4/src -s include  "SHELL=CMD" "COMPILER=arm-none-eabi-gcc" "ARCHIVER=arm-none-eabi-ar" "COMPILER_FLAGS=  -O2 -c" "EXTRA_COMPILER_FLAGS=-mcpu=cortex-a9 -mfpu=vfpv3 -mfloat-abi=hard -nostartfiles -g -Wall -Wextra"
"Running Make include in ps7_cortexa9_0/libsrc/cpu_cortexa9_v2_6/src"
make -C ps7_cortexa9_0/libsrc/cpu_cortexa9_v2_6/src -s include  "SHELL=CMD" "COMPILER=arm-none-eabi-gcc" "ARCHIVER=arm-none-eabi-ar" "COMPILER_FLAGS=  -O2 -c" "EXTRA_COMPILER_FLAGS=-mcpu=cortex-a9 -mfpu=vfpv3 -mfloat-abi=hard -nostartfiles -g -Wall -Wextra"
"Running Make include in ps7_cortexa9_0/libsrc/ddrps_v1_0/src"
make -C ps7_cortexa9_0/libsrc/ddrps_v1_0/src -s include  "SHELL=CMD" "COMPILER=arm-none-eabi-gcc" "ARCHIVER=arm-none-eabi-ar" "COMPILER_FLAGS=  -O2 -c" "EXTRA_COMPILER_FLAGS=-mcpu=cortex-a9 -mfpu=vfpv3 -mfloat-abi=hard -nostartfiles -g -Wall -Wextra"
"Running Make include in ps7_cortexa9_0/libsrc/devcfg_v3_5/src"
make -C ps7_cortexa9_0/libsrc/devcfg_v3_5/src -s include  "SHELL=CMD" "COMPILER=arm-none-eabi-gcc" "ARCHIVER=arm-none-eabi-ar" "COMPILER_FLAGS=  -O2 -c" "EXTRA_COMPILER_FLAGS=-mcpu=cortex-a9 -mfpu=vfpv3 -mfloat-abi=hard -nostartfiles -g -Wall -Wextra"
"Running Make include in ps7_cortexa9_0/libsrc/dmaps_v2_3/src"
make -C ps7_cortexa9_0/libsrc/dmaps_v2_3/src -s include  "SHELL=CMD" "COMPILER=arm-none-eabi-gcc" "ARCHIVER=arm-none-eabi-ar" "COMPILER_FLAGS=  -O2 -c" "EXTRA_COMPILER_FLAGS=-mcpu=cortex-a9 -mfpu=vfpv3 -mfloat-abi=hard -nostartfiles -g -Wall -Wextra"
"Running Make include in ps7_cortexa9_0/libsrc/emacps_v3_7/src"
make -C ps7_cortexa9_0/libsrc/emacps_v3_7/src -s include  "SHELL=CMD" "COMPILER=arm-none-eabi-gcc" "ARCHIVER=arm-none-eabi-ar" "COMPILER_FLAGS=  -O2 -c" "EXTRA_COMPILER_FLAGS=-mcpu=cortex-a9 -mfpu=vfpv3 -mfloat-abi=hard -nostartfiles -g -Wall -Wextra"
"Running Make include in ps7_cortexa9_0/libsrc/gpio_v4_3/src"
make -C ps7_cortexa9_0/libsrc/gpio_v4_3/src -s include  "SHELL=CMD" "COMPILER=arm-none-eabi-gcc" "ARCHIVER=arm-none-eabi-ar" "COMPILER_FLAGS=  -O2 -c" "EXTRA_COMPILER_FLAGS=-mcpu=cortex-a9 -mfpu=vfpv3 -mfloat-abi=hard -nostartfiles -g -Wall -Wextra"
"Running Make include in ps7_cortexa9_0/libsrc/gpiops_v3_3/src"
make -C ps7_cortexa9_0/libsrc/gpiops_v3_3/src -s include  "SHELL=CMD" "COMPILER=arm-none-eabi-gcc" "ARCHIVER=arm-none-eabi-ar" "COMPILER_FLAGS=  -O2 -c" "EXTRA_COMPILER_FLAGS=-mcpu=cortex-a9 -mfpu=vfpv3 -mfloat-abi=hard -nostartfiles -g -Wall -Wextra"
"Running Make include in ps7_cortexa9_0/libsrc/qspips_v3_4/src"
make -C ps7_cortexa9_0/libsrc/qspips_v3_4/src -s include  "SHELL=CMD" "COMPILER=arm-none-eabi-gcc" "ARCHIVER=arm-none-eabi-ar" "COMPILER_FLAGS=  -O2 -c" "EXTRA_COMPILER_FLAGS=-mcpu=cortex-a9 -mfpu=vfpv3 -mfloat-abi=hard -nostartfiles -g -Wall -Wextra"
"Running Make include in ps7_cortexa9_0/libsrc/scugic_v3_9/src"
make -C ps7_cortexa9_0/libsrc/scugic_v3_9/src -s include  "SHELL=CMD" "COMPILER=arm-none-eabi-gcc" "ARCHIVER=arm-none-eabi-ar" "COMPILER_FLAGS=  -O2 -c" "EXTRA_COMPILER_FLAGS=-mcpu=cortex-a9 -mfpu=vfpv3 -mfloat-abi=hard -nostartfiles -g -Wall -Wextra"
"Running Make include in ps7_cortexa9_0/libsrc/scutimer_v2_1/src"
make -C ps7_cortexa9_0/libsrc/scutimer_v2_1/src -s include  "SHELL=CMD" "COMPILER=arm-none-eabi-gcc" "ARCHIVER=arm-none-eabi-ar" "COMPILER_FLAGS=  -O2 -c" "EXTRA_COMPILER_FLAGS=-mcpu=cortex-a9 -mfpu=vfpv3 -mfloat-abi=hard -nostartfiles -g -Wall -Wextra"
"Running Make include in ps7_cortexa9_0/libsrc/scuwdt_v2_1/src"
make -C ps7_cortexa9_0/libsrc/scuwdt_v2_1/src -s include  "SHELL=CMD" "COMPILER=arm-none-eabi-gcc" "ARCHIVER=arm-none-eabi-ar" "COMPILER_FLAGS=  -O2 -c" "EXTRA_COMPILER_FLAGS=-mcpu=cortex-a9 -mfpu=vfpv3 -mfloat-abi=hard -nostartfiles -g -Wall -Wextra"
"Running Make include in ps7_cortexa9_0/libsrc/sdps_v3_5/src"
make -C ps7_cortexa9_0/libsrc/sdps_v3_5/src -s include  "SHELL=CMD" "COMPILER=arm-none-eabi-gcc" "ARCHIVER=arm-none-eabi-ar" "COMPILER_FLAGS=  -O2 -c" "EXTRA_COMPILER_FLAGS=-mcpu=cortex-a9 -mfpu=vfpv3 -mfloat-abi=hard -nostartfiles -g -Wall -Wextra"
"Running Make include in ps7_cortexa9_0/libsrc/standalone_v6_7/src"
make -C ps7_cortexa9_0/libsrc/standalone_v6_7/src -s include  "SHELL=CMD" "COMPILER=arm-none-eabi-gcc" "ARCHIVER=arm-none-eabi-ar" "COMPILER_FLAGS=  -O2 -c" "EXTRA_COMPILER_FLAGS=-mcpu=cortex-a9 -mfpu=vfpv3 -mfloat-abi=hard -nostartfiles -g -Wall -Wextra"
"Running Make include in ps7_cortexa9_0/libsrc/ttcps_v3_6/src"
make -C ps7_cortexa9_0/libsrc/ttcps_v3_6/src -s include  "SHELL=CMD" "COMPILER=arm-none-eabi-gcc" "ARCHIVER=arm-none-eabi-ar" "COMPILER_FLAGS=  -O2 -c" "EXTRA_COMPILER_FLAGS=-mcpu=cortex-a9 -mfpu=vfpv3 -mfloat-abi=hard -nostartfiles -g -Wall -Wextra"
"Running Make include in ps7_cortexa9_0/libsrc/uartps_v3_6/src"
make -C ps7_cortexa9_0/libsrc/uartps_v3_6/src -s include  "SHELL=CMD" "COMPILER=arm-none-eabi-gcc" "ARCHIVER=arm-none-eabi-ar" "COMPILER_FLAGS=  -O2 -c" "EXTRA_COMPILER_FLAGS=-mcpu=cortex-a9 -mfpu=vfpv3 -mfloat-abi=hard -nostartfiles -g -Wall -Wextra"
"Running Make include in ps7_cortexa9_0/libsrc/usbps_v2_4/src"
make -C ps7_cortexa9_0/libsrc/usbps_v2_4/src -s include  "SHELL=CMD" "COMPILER=arm-none-eabi-gcc" "ARCHIVER=arm-none-eabi-ar" "COMPILER_FLAGS=  -O2 -c" "EXTRA_COMPILER_FLAGS=-mcpu=cortex-a9 -mfpu=vfpv3 -mfloat-abi=hard -nostartfiles -g -Wall -Wextra"
"Running Make include in ps7_cortexa9_0/libsrc/xadcps_v2_2/src"
make -C ps7_cortexa9_0/libsrc/xadcps_v2_2/src -s include  "SHELL=CMD" "COMPILER=arm-none-eabi-gcc" "ARCHIVER=arm-none-eabi-ar" "COMPILER_FLAGS=  -O2 -c" "EXTRA_COMPILER_FLAGS=-mcpu=cortex-a9 -mfpu=vfpv3 -mfloat-abi=hard -nostartfiles -g -Wall -Wextra"
"Running Make libs in ps7_cortexa9_0/libsrc/bram_v4_2/src"
make -C ps7_cortexa9_0/libsrc/bram_v4_2/src -s libs  "SHELL=CMD" "COMPILER=arm-none-eabi-gcc" "ARCHIVER=arm-none-eabi-ar" "COMPILER_FLAGS=  -O2 -c" "EXTRA_COMPILER_FLAGS=-mcpu=cortex-a9 -mfpu=vfpv3 -mfloat-abi=hard -nostartfiles -g -Wall -Wextra"
"Compiling bram"
arm-none-eabi-ar: creating ../../../lib/libxil.a
"Running Make libs in ps7_cortexa9_0/libsrc/coresightps_dcc_v1_4/src"
make -C ps7_cortexa9_0/libsrc/coresightps_dcc_v1_4/src -s libs  "SHELL=CMD" "COMPILER=arm-none-eabi-gcc" "ARCHIVER=arm-none-eabi-ar" "COMPILER_FLAGS=  -O2 -c" "EXTRA_COMPILER_FLAGS=-mcpu=cortex-a9 -mfpu=vfpv3 -mfloat-abi=hard -nostartfiles -g -Wall -Wextra"
"Compiling coresightps_dcc"
"Running Make libs in ps7_cortexa9_0/libsrc/cpu_cortexa9_v2_6/src"
make -C ps7_cortexa9_0/libsrc/cpu_cortexa9_v2_6/src -s libs  "SHELL=CMD" "COMPILER=arm-none-eabi-gcc" "ARCHIVER=arm-none-eabi-ar" "COMPILER_FLAGS=  -O2 -c" "EXTRA_COMPILER_FLAGS=-mcpu=cortex-a9 -mfpu=vfpv3 -mfloat-abi=hard -nostartfiles -g -Wall -Wextra"
"Compiling cpu_cortexa9"
"Running Make libs in ps7_cortexa9_0/libsrc/ddrps_v1_0/src"
make -C ps7_cortexa9_0/libsrc/ddrps_v1_0/src -s libs  "SHELL=CMD" "COMPILER=arm-none-eabi-gcc" "ARCHIVER=arm-none-eabi-ar" "COMPILER_FLAGS=  -O2 -c" "EXTRA_COMPILER_FLAGS=-mcpu=cortex-a9 -mfpu=vfpv3 -mfloat-abi=hard -nostartfiles -g -Wall -Wextra"
"Compiling ddrps"
"Running Make libs in ps7_cortexa9_0/libsrc/devcfg_v3_5/src"
make -C ps7_cortexa9_0/libsrc/devcfg_v3_5/src -s libs  "SHELL=CMD" "COMPILER=arm-none-eabi-gcc" "ARCHIVER=arm-none-eabi-ar" "COMPILER_FLAGS=  -O2 -c" "EXTRA_COMPILER_FLAGS=-mcpu=cortex-a9 -mfpu=vfpv3 -mfloat-abi=hard -nostartfiles -g -Wall -Wextra"
"Compiling devcfg"
"Running Make libs in ps7_cortexa9_0/libsrc/dmaps_v2_3/src"
make -C ps7_cortexa9_0/libsrc/dmaps_v2_3/src -s libs  "SHELL=CMD" "COMPILER=arm-none-eabi-gcc" "ARCHIVER=arm-none-eabi-ar" "COMPILER_FLAGS=  -O2 -c" "EXTRA_COMPILER_FLAGS=-mcpu=cortex-a9 -mfpu=vfpv3 -mfloat-abi=hard -nostartfiles -g -Wall -Wextra"
"Compiling dmaps"
"Running Make libs in ps7_cortexa9_0/libsrc/emacps_v3_7/src"
make -C ps7_cortexa9_0/libsrc/emacps_v3_7/src -s libs  "SHELL=CMD" "COMPILER=arm-none-eabi-gcc" "ARCHIVER=arm-none-eabi-ar" "COMPILER_FLAGS=  -O2 -c" "EXTRA_COMPILER_FLAGS=-mcpu=cortex-a9 -mfpu=vfpv3 -mfloat-abi=hard -nostartfiles -g -Wall -Wextra"
"Compiling emacps"
"Running Make libs in ps7_cortexa9_0/libsrc/gpio_v4_3/src"
make -C ps7_cortexa9_0/libsrc/gpio_v4_3/src -s libs  "SHELL=CMD" "COMPILER=arm-none-eabi-gcc" "ARCHIVER=arm-none-eabi-ar" "COMPILER_FLAGS=  -O2 -c" "EXTRA_COMPILER_FLAGS=-mcpu=cortex-a9 -mfpu=vfpv3 -mfloat-abi=hard -nostartfiles -g -Wall -Wextra"
"Compiling gpio"
"Running Make libs in ps7_cortexa9_0/libsrc/gpiops_v3_3/src"
make -C ps7_cortexa9_0/libsrc/gpiops_v3_3/src -s libs  "SHELL=CMD" "COMPILER=arm-none-eabi-gcc" "ARCHIVER=arm-none-eabi-ar" "COMPILER_FLAGS=  -O2 -c" "EXTRA_COMPILER_FLAGS=-mcpu=cortex-a9 -mfpu=vfpv3 -mfloat-abi=hard -nostartfiles -g -Wall -Wextra"
"Compiling gpiops"
"Running Make libs in ps7_cortexa9_0/libsrc/qspips_v3_4/src"
make -C ps7_cortexa9_0/libsrc/qspips_v3_4/src -s libs  "SHELL=CMD" "COMPILER=arm-none-eabi-gcc" "ARCHIVER=arm-none-eabi-ar" "COMPILER_FLAGS=  -O2 -c" "EXTRA_COMPILER_FLAGS=-mcpu=cortex-a9 -mfpu=vfpv3 -mfloat-abi=hard -nostartfiles -g -Wall -Wextra"
"Compiling qspips"
"Running Make libs in ps7_cortexa9_0/libsrc/scugic_v3_9/src"
make -C ps7_cortexa9_0/libsrc/scugic_v3_9/src -s libs  "SHELL=CMD" "COMPILER=arm-none-eabi-gcc" "ARCHIVER=arm-none-eabi-ar" "COMPILER_FLAGS=  -O2 -c" "EXTRA_COMPILER_FLAGS=-mcpu=cortex-a9 -mfpu=vfpv3 -mfloat-abi=hard -nostartfiles -g -Wall -Wextra"
"Compiling scugic"
"Running Make libs in ps7_cortexa9_0/libsrc/scutimer_v2_1/src"
make -C ps7_cortexa9_0/libsrc/scutimer_v2_1/src -s libs  "SHELL=CMD" "COMPILER=arm-none-eabi-gcc" "ARCHIVER=arm-none-eabi-ar" "COMPILER_FLAGS=  -O2 -c" "EXTRA_COMPILER_FLAGS=-mcpu=cortex-a9 -mfpu=vfpv3 -mfloat-abi=hard -nostartfiles -g -Wall -Wextra"
"Compiling scutimer"
"Running Make libs in ps7_cortexa9_0/libsrc/scuwdt_v2_1/src"
make -C ps7_cortexa9_0/libsrc/scuwdt_v2_1/src -s libs  "SHELL=CMD" "COMPILER=arm-none-eabi-gcc" "ARCHIVER=arm-none-eabi-ar" "COMPILER_FLAGS=  -O2 -c" "EXTRA_COMPILER_FLAGS=-mcpu=cortex-a9 -mfpu=vfpv3 -mfloat-abi=hard -nostartfiles -g -Wall -Wextra"
"Compiling scuwdt"
"Running Make libs in ps7_cortexa9_0/libsrc/sdps_v3_5/src"
make -C ps7_cortexa9_0/libsrc/sdps_v3_5/src -s libs  "SHELL=CMD" "COMPILER=arm-none-eabi-gcc" "ARCHIVER=arm-none-eabi-ar" "COMPILER_FLAGS=  -O2 -c" "EXTRA_COMPILER_FLAGS=-mcpu=cortex-a9 -mfpu=vfpv3 -mfloat-abi=hard -nostartfiles -g -Wall -Wextra"
"Compiling sdps"
"Running Make libs in ps7_cortexa9_0/libsrc/standalone_v6_7/src"
make -C ps7_cortexa9_0/libsrc/standalone_v6_7/src -s libs  "SHELL=CMD" "COMPILER=arm-none-eabi-gcc" "ARCHIVER=arm-none-eabi-ar" "COMPILER_FLAGS=  -O2 -c" "EXTRA_COMPILER_FLAGS=-mcpu=cortex-a9 -mfpu=vfpv3 -mfloat-abi=hard -nostartfiles -g -Wall -Wextra"
"Compiling standalone"
"Running Make libs in ps7_cortexa9_0/libsrc/ttcps_v3_6/src"
make -C ps7_cortexa9_0/libsrc/ttcps_v3_6/src -s libs  "SHELL=CMD" "COMPILER=arm-none-eabi-gcc" "ARCHIVER=arm-none-eabi-ar" "COMPILER_FLAGS=  -O2 -c" "EXTRA_COMPILER_FLAGS=-mcpu=cortex-a9 -mfpu=vfpv3 -mfloat-abi=hard -nostartfiles -g -Wall -Wextra"
"Compiling ttcps"
"Running Make libs in ps7_cortexa9_0/libsrc/uartps_v3_6/src"
make -C ps7_cortexa9_0/libsrc/uartps_v3_6/src -s libs  "SHELL=CMD" "COMPILER=arm-none-eabi-gcc" "ARCHIVER=arm-none-eabi-ar" "COMPILER_FLAGS=  -O2 -c" "EXTRA_COMPILER_FLAGS=-mcpu=cortex-a9 -mfpu=vfpv3 -mfloat-abi=hard -nostartfiles -g -Wall -Wextra"
"Compiling uartps"
"Running Make libs in ps7_cortexa9_0/libsrc/usbps_v2_4/src"
make -C ps7_cortexa9_0/libsrc/usbps_v2_4/src -s libs  "SHELL=CMD" "COMPILER=arm-none-eabi-gcc" "ARCHIVER=arm-none-eabi-ar" "COMPILER_FLAGS=  -O2 -c" "EXTRA_COMPILER_FLAGS=-mcpu=cortex-a9 -mfpu=vfpv3 -mfloat-abi=hard -nostartfiles -g -Wall -Wextra"
"Compiling usbps"
"Running Make libs in ps7_cortexa9_0/libsrc/xadcps_v2_2/src"
make -C ps7_cortexa9_0/libsrc/xadcps_v2_2/src -s libs  "SHELL=CMD" "COMPILER=arm-none-eabi-gcc" "ARCHIVER=arm-none-eabi-ar" "COMPILER_FLAGS=  -O2 -c" "EXTRA_COMPILER_FLAGS=-mcpu=cortex-a9 -mfpu=vfpv3 -mfloat-abi=hard -nostartfiles -g -Wall -Wextra"
"Compiling xadcps"
'Finished building libraries'
13:01:48 **** Auto Build of configuration Debug for project zynq_1 ****
make pre-build main-build 
a9-linaro-pre-build-step
' '
'Building file: ../src/helloworld.c'
'Invoking: ARM v7 gcc compiler'
arm-none-eabi-gcc -Wall -O0 -g3 -c -fmessage-length=0 -MT"src/helloworld.o" -mcpu=cortex-a9 -mfpu=vfpv3 -mfloat-abi=hard -I../../zynq_1_bsp/ps7_cortexa9_0/include -MMD -MP -MF"src/helloworld.d" -MT"src/helloworld.o" -o "src/helloworld.o" "../src/helloworld.c"
In file included from ../src/helloworld.c:51:0:
../src/helloworld.c: In function 'main':
../../zynq_1_bsp/ps7_cortexa9_0/include/xparameters.h:540:30: warning: large integer implicitly truncated to unsigned type [-Woverflow]
 #define XPAR_GPIO_0_BASEADDR 0x41200000
                              ^
../src/helloworld.c:101:35: note: in expansion of macro 'XPAR_GPIO_0_BASEADDR'
  Status = XGpio_Initialize(&Gpio, XPAR_GPIO_0_BASEADDR);
                                   ^~~~~~~~~~~~~~~~~~~~
../src/helloworld.c:110:10: warning: format '%d' expects argument of type 'int *', but argument 2 has type 'u32 * {aka long unsigned int *}' [-Wformat=]
  scanf("%d",&j[k]);
         ~^  ~~~~~
         %ld
../src/helloworld.c:157:5: warning: "/*" within comment [-Wcomment]
     /* Wait a small amount of time so the LED is visible */
      
../src/helloworld.c:99:15: warning: unused variable 'Delay' [-Wunused-variable]
  volatile int Delay;
               ^~~~~
../src/helloworld.c:97:15: warning: unused variable 'outdata1' [-Wunused-variable]
  u32  outdata,outdata1,sum=0;
               ^~~~~~~~
../src/helloworld.c:97:7: warning: unused variable 'outdata' [-Wunused-variable]
  u32  outdata,outdata1,sum=0;
       ^~~~~~~
../src/helloworld.c:96:19: warning: unused variable 'j1' [-Wunused-variable]
   u32 Status,j[5],j1[5];
                   ^~
'Finished building: ../src/helloworld.c'
' '
'Building file: ../src/platform.c'
'Invoking: ARM v7 gcc compiler'
arm-none-eabi-gcc -Wall -O0 -g3 -c -fmessage-length=0 -MT"src/platform.o" -mcpu=cortex-a9 -mfpu=vfpv3 -mfloat-abi=hard -I../../zynq_1_bsp/ps7_cortexa9_0/include -MMD -MP -MF"src/platform.d" -MT"src/platform.o" -o "src/platform.o" "../src/platform.c"
'Finished building: ../src/platform.c'
' '
'Building target: zynq_1.elf'
'Invoking: ARM v7 gcc linker'
arm-none-eabi-gcc -mcpu=cortex-a9 -mfpu=vfpv3 -mfloat-abi=hard -Wl,-build-id=none -specs=Xilinx.spec -Wl,-T -Wl,../src/lscript.ld -L../../zynq_1_bsp/ps7_cortexa9_0/lib -o "zynq_1.elf"  ./src/helloworld.o ./src/platform.o   -Wl,--start-group,-lxil,-lgcc,-lc,--end-group
'Finished building target: zynq_1.elf'
' '
'Invoking: ARM v7 Print Size'
arm-none-eabi-size zynq_1.elf  |tee "zynq_1.elf.size"
   text	   data	    bss	    dec	    hex	filename
 104268	   3240	  23376	 130884	  1ff44	zynq_1.elf
'Finished building: zynq_1.elf.size'
' '
13:01:49 **** Auto Build of configuration Debug for project zynq_1_bsp_xbram_example_1 ****
make pre-build main-build 
a9-linaro-pre-build-step
' '
'Building file: ../src/xbram_example.c'
'Invoking: ARM v7 gcc compiler'
arm-none-eabi-gcc -Wall -O0 -g3 -c -fmessage-length=0 -MT"src/xbram_example.o" -mcpu=cortex-a9 -mfpu=vfpv3 -mfloat-abi=hard -I../../zynq_1_bsp/ps7_cortexa9_0/include -MMD -MP -MF"src/xbram_example.d" -MT"src/xbram_example.o" -o "src/xbram_example.o" "../src/xbram_example.c"
'Finished building: ../src/xbram_example.c'
' '
'Building target: zynq_1_bsp_xbram_example_1.elf'
'Invoking: ARM v7 gcc linker'
arm-none-eabi-gcc -mcpu=cortex-a9 -mfpu=vfpv3 -mfloat-abi=hard -Wl,-build-id=none -specs=Xilinx.spec -Wl,-T -Wl,../src/lscript.ld -L../../zynq_1_bsp/ps7_cortexa9_0/lib -o "zynq_1_bsp_xbram_example_1.elf"  ./src/xbram_example.o   -Wl,--start-group,-lxil,-lgcc,-lc,--end-group
'Finished building target: zynq_1_bsp_xbram_example_1.elf'
' '
'Invoking: ARM v7 Print Size'
arm-none-eabi-size zynq_1_bsp_xbram_example_1.elf  |tee "zynq_1_bsp_xbram_example_1.elf.size"
   text	   data	    bss	    dec	    hex	filename
  28844	   1760	  22664	  53268	   d014	zynq_1_bsp_xbram_example_1.elf
'Finished building: zynq_1_bsp_xbram_example_1.elf.size'
' '
13:01:50 **** Auto Build of configuration Debug for project zynq_1_bsp_xgpio_example_1 ****
make pre-build main-build 
a9-linaro-pre-build-step
' '
'Building file: ../src/xgpio_example.c'
'Invoking: ARM v7 gcc compiler'
arm-none-eabi-gcc -Wall -O0 -g3 -c -fmessage-length=0 -MT"src/xgpio_example.o" -mcpu=cortex-a9 -mfpu=vfpv3 -mfloat-abi=hard -I../../zynq_1_bsp/ps7_cortexa9_0/include -MMD -MP -MF"src/xgpio_example.d" -MT"src/xgpio_example.o" -o "src/xgpio_example.o" "../src/xgpio_example.c"
'Finished building: ../src/xgpio_example.c'
' '
'Building target: zynq_1_bsp_xgpio_example_1.elf'
'Invoking: ARM v7 gcc linker'
arm-none-eabi-gcc -mcpu=cortex-a9 -mfpu=vfpv3 -mfloat-abi=hard -Wl,-build-id=none -specs=Xilinx.spec -Wl,-T -Wl,../src/lscript.ld -L../../zynq_1_bsp/ps7_cortexa9_0/lib -o "zynq_1_bsp_xgpio_example_1.elf"  ./src/xgpio_example.o   -Wl,--start-group,-lxil,-lgcc,-lc,--end-group
'Finished building target: zynq_1_bsp_xgpio_example_1.elf'
' '
'Invoking: ARM v7 Print Size'
arm-none-eabi-size zynq_1_bsp_xgpio_example_1.elf  |tee "zynq_1_bsp_xgpio_example_1.elf.size"
   text	   data	    bss	    dec	    hex	filename
  23712	   1168	  22600	  47480	   b978	zynq_1_bsp_xgpio_example_1.elf
'Finished building: zynq_1_bsp_xgpio_example_1.elf.size'
' '
14:04:31 **** Auto Build of configuration Debug for project zynq_1 ****
make pre-build main-build 
a9-linaro-pre-build-step
' '
'Building file: ../src/helloworld.c'
'Invoking: ARM v7 gcc compiler'
arm-none-eabi-gcc -Wall -O0 -g3 -c -fmessage-length=0 -MT"src/helloworld.o" -mcpu=cortex-a9 -mfpu=vfpv3 -mfloat-abi=hard -I../../zynq_1_bsp/ps7_cortexa9_0/include -MMD -MP -MF"src/helloworld.d" -MT"src/helloworld.o" -o "src/helloworld.o" "../src/helloworld.c"
In file included from ../src/helloworld.c:51:0:
../src/helloworld.c: In function 'main':
../../zynq_1_bsp/ps7_cortexa9_0/include/xparameters.h:540:30: warning: large integer implicitly truncated to unsigned type [-Woverflow]
 #define XPAR_GPIO_0_BASEADDR 0x41200000
                              ^
../src/helloworld.c:101:35: note: in expansion of macro 'XPAR_GPIO_0_BASEADDR'
  Status = XGpio_Initialize(&Gpio, XPAR_GPIO_0_BASEADDR);
                                   ^~~~~~~~~~~~~~~~~~~~
../src/helloworld.c:110:10: warning: format '%d' expects argument of type 'int *', but argument 2 has type 'u32 * {aka long unsigned int *}' [-Wformat=]
  scanf("%d",&j[k]);
         ~^  ~~~~~
         %ld
../src/helloworld.c:99:15: warning: unused variable 'Delay' [-Wunused-variable]
  volatile int Delay;
               ^~~~~
../src/helloworld.c:97:15: warning: unused variable 'outdata1' [-Wunused-variable]
  u32  outdata,outdata1,sum=0;
               ^~~~~~~~
../src/helloworld.c:97:7: warning: unused variable 'outdata' [-Wunused-variable]
  u32  outdata,outdata1,sum=0;
       ^~~~~~~
../src/helloworld.c:96:19: warning: unused variable 'j1' [-Wunused-variable]
   u32 Status,j[5],j1[5];
                   ^~
'Finished building: ../src/helloworld.c'
' '
'Building target: zynq_1.elf'
'Invoking: ARM v7 gcc linker'
arm-none-eabi-gcc -mcpu=cortex-a9 -mfpu=vfpv3 -mfloat-abi=hard -Wl,-build-id=none -specs=Xilinx.spec -Wl,-T -Wl,../src/lscript.ld -L../../zynq_1_bsp/ps7_cortexa9_0/lib -o "zynq_1.elf"  ./src/helloworld.o ./src/platform.o   -Wl,--start-group,-lxil,-lgcc,-lc,--end-group
'Finished building target: zynq_1.elf'
' '
'Invoking: ARM v7 Print Size'
arm-none-eabi-size zynq_1.elf  |tee "zynq_1.elf.size"
   text	   data	    bss	    dec	    hex	filename
 104268	   3240	  23376	 130884	  1ff44	zynq_1.elf
'Finished building: zynq_1.elf.size'
' '
14:59:41 **** Clean-only build of configuration Debug for project zynq_1 ****
make clean 
rm -rf  ./src/helloworld.o ./src/platform.o  ./src/helloworld.d ./src/platform.d  zynq_1.elf.size  zynq_1.elf
' '
14:59:41 **** Auto Build of configuration Debug for project zynq_1 ****
make pre-build main-build 
a9-linaro-pre-build-step
' '
'Building file: ../src/helloworld.c'
'Invoking: ARM v7 gcc compiler'
arm-none-eabi-gcc -Wall -O0 -g3 -c -fmessage-length=0 -MT"src/helloworld.o" -mcpu=cortex-a9 -mfpu=vfpv3 -mfloat-abi=hard -I../../zynq_1_bsp/ps7_cortexa9_0/include -MMD -MP -MF"src/helloworld.d" -MT"src/helloworld.o" -o "src/helloworld.o" "../src/helloworld.c"
../src/helloworld.c:48:10: fatal error: amit2.h: No such file or directory
 #include "amit2.h"
          ^~~~~~~~~
compilation terminated.
make: *** [src/helloworld.o] Error 1
14:59:51 **** Auto Build of configuration Debug for project zynq_1 ****
make pre-build main-build 
a9-linaro-pre-build-step
' '
'Building file: ../src/helloworld.c'
'Invoking: ARM v7 gcc compiler'
arm-none-eabi-gcc -Wall -O0 -g3 -c -fmessage-length=0 -MT"src/helloworld.o" -mcpu=cortex-a9 -mfpu=vfpv3 -mfloat-abi=hard -I../../zynq_1_bsp/ps7_cortexa9_0/include -MMD -MP -MF"src/helloworld.d" -MT"src/helloworld.o" -o "src/helloworld.o" "../src/helloworld.c"
In file included from ../src/helloworld.c:51:0:
../src/helloworld.c: In function 'main':
../../zynq_1_bsp/ps7_cortexa9_0/include/xparameters.h:540:30: warning: large integer implicitly truncated to unsigned type [-Woverflow]
 #define XPAR_GPIO_0_BASEADDR 0x41200000
                              ^
../src/helloworld.c:101:35: note: in expansion of macro 'XPAR_GPIO_0_BASEADDR'
  Status = XGpio_Initialize(&Gpio, XPAR_GPIO_0_BASEADDR);
                                   ^~~~~~~~~~~~~~~~~~~~
../src/helloworld.c:110:10: warning: format '%d' expects argument of type 'int *', but argument 2 has type 'u32 * {aka long unsigned int *}' [-Wformat=]
  scanf("%d",&j[k]);
         ~^  ~~~~~
         %ld
../src/helloworld.c:99:15: warning: unused variable 'Delay' [-Wunused-variable]
  volatile int Delay;
               ^~~~~
../src/helloworld.c:97:15: warning: unused variable 'outdata1' [-Wunused-variable]
  u32  outdata,outdata1,sum=0;
               ^~~~~~~~
../src/helloworld.c:97:7: warning: unused variable 'outdata' [-Wunused-variable]
  u32  outdata,outdata1,sum=0;
       ^~~~~~~
../src/helloworld.c:96:19: warning: unused variable 'j1' [-Wunused-variable]
   u32 Status,j[5],j1[5];
                   ^~
'Finished building: ../src/helloworld.c'
' '
'Building file: ../src/platform.c'
'Invoking: ARM v7 gcc compiler'
arm-none-eabi-gcc -Wall -O0 -g3 -c -fmessage-length=0 -MT"src/platform.o" -mcpu=cortex-a9 -mfpu=vfpv3 -mfloat-abi=hard -I../../zynq_1_bsp/ps7_cortexa9_0/include -MMD -MP -MF"src/platform.d" -MT"src/platform.o" -o "src/platform.o" "../src/platform.c"
'Finished building: ../src/platform.c'
' '
'Building target: zynq_1.elf'
'Invoking: ARM v7 gcc linker'
arm-none-eabi-gcc -mcpu=cortex-a9 -mfpu=vfpv3 -mfloat-abi=hard -Wl,-build-id=none -specs=Xilinx.spec -Wl,-T -Wl,../src/lscript.ld -L../../zynq_1_bsp/ps7_cortexa9_0/lib -o "zynq_1.elf"  ./src/helloworld.o ./src/platform.o   -Wl,--start-group,-lxil,-lgcc,-lc,--end-group
'Finished building target: zynq_1.elf'
' '
'Invoking: ARM v7 Print Size'
arm-none-eabi-size zynq_1.elf  |tee "zynq_1.elf.size"
   text	   data	    bss	    dec	    hex	filename
 104268	   3240	  23344	 130852	  1ff24	zynq_1.elf
'Finished building: zynq_1.elf.size'
' '
15:02:47 **** Auto Build of configuration Debug for project zynq_1 ****
make pre-build main-build 
a9-linaro-pre-build-step
' '
'Building file: ../src/helloworld.c'
'Invoking: ARM v7 gcc compiler'
arm-none-eabi-gcc -Wall -O0 -g3 -c -fmessage-length=0 -MT"src/helloworld.o" -mcpu=cortex-a9 -mfpu=vfpv3 -mfloat-abi=hard -I../../zynq_1_bsp/ps7_cortexa9_0/include -MMD -MP -MF"src/helloworld.d" -MT"src/helloworld.o" -o "src/helloworld.o" "../src/helloworld.c"
In file included from ../src/helloworld.c:51:0:
../src/helloworld.c: In function 'main':
../../zynq_1_bsp/ps7_cortexa9_0/include/xparameters.h:540:30: warning: large integer implicitly truncated to unsigned type [-Woverflow]
 #define XPAR_GPIO_0_BASEADDR 0x41200000
                              ^
../src/helloworld.c:101:35: note: in expansion of macro 'XPAR_GPIO_0_BASEADDR'
  Status = XGpio_Initialize(&Gpio, XPAR_GPIO_0_BASEADDR);
                                   ^~~~~~~~~~~~~~~~~~~~
../src/helloworld.c:110:10: warning: format '%d' expects argument of type 'int *', but argument 2 has type 'u32 * {aka long unsigned int *}' [-Wformat=]
  scanf("%d",&j[k]);
         ~^  ~~~~~
         %ld
../src/helloworld.c:99:15: warning: unused variable 'Delay' [-Wunused-variable]
  volatile int Delay;
               ^~~~~
../src/helloworld.c:97:15: warning: unused variable 'outdata1' [-Wunused-variable]
  u32  outdata,outdata1,sum=0;
               ^~~~~~~~
../src/helloworld.c:97:7: warning: unused variable 'outdata' [-Wunused-variable]
  u32  outdata,outdata1,sum=0;
       ^~~~~~~
../src/helloworld.c:96:19: warning: unused variable 'j1' [-Wunused-variable]
   u32 Status,j[5],j1[5];
                   ^~
'Finished building: ../src/helloworld.c'
' '
'Building target: zynq_1.elf'
'Invoking: ARM v7 gcc linker'
arm-none-eabi-gcc -mcpu=cortex-a9 -mfpu=vfpv3 -mfloat-abi=hard -Wl,-build-id=none -specs=Xilinx.spec -Wl,-T -Wl,../src/lscript.ld -L../../zynq_1_bsp/ps7_cortexa9_0/lib -o "zynq_1.elf"  ./src/helloworld.o ./src/platform.o   -Wl,--start-group,-lxil,-lgcc,-lc,--end-group
'Finished building target: zynq_1.elf'
' '
'Invoking: ARM v7 Print Size'
arm-none-eabi-size zynq_1.elf  |tee "zynq_1.elf.size"
   text	   data	    bss	    dec	    hex	filename
 106068	   3208	  23344	 132620	  2060c	zynq_1.elf
'Finished building: zynq_1.elf.size'
' '
16:44:38 **** Auto Build of configuration Debug for project zynq_1 ****
make pre-build main-build 
a9-linaro-pre-build-step
' '
'Building file: ../src/helloworld.c'
'Invoking: ARM v7 gcc compiler'
arm-none-eabi-gcc -Wall -O0 -g3 -c -fmessage-length=0 -MT"src/helloworld.o" -mcpu=cortex-a9 -mfpu=vfpv3 -mfloat-abi=hard -I../../zynq_1_bsp/ps7_cortexa9_0/include -MMD -MP -MF"src/helloworld.d" -MT"src/helloworld.o" -o "src/helloworld.o" "../src/helloworld.c"
../src/helloworld.c: In function 'main':
../src/helloworld.c:80:34: error: 'Bram' undeclared (first use in this function); did you mean 'Bram8'?
   Status0 = XBram_CfgInitialize(&Bram, ConfigPtr,
                                  ^~~~
                                  Bram8
../src/helloworld.c:80:34: note: each undeclared identifier is reported only once for each function it appears in
../src/helloworld.c:80:40: error: 'ConfigPtr' undeclared (first use in this function); did you mean 'ConfigPtr8'?
[...]
                               ^~
../src/helloworld.c:205:26: warning: unused variable 'i4' [-Wunused-variable]
  int i0=0,i1=0,i2=0,i3=0,i4=0,i5=0,i6=0,i7=0,i8=0;
                          ^~
../src/helloworld.c:205:21: warning: unused variable 'i3' [-Wunused-variable]
  int i0=0,i1=0,i2=0,i3=0,i4=0,i5=0,i6=0,i7=0,i8=0;
                     ^~
../src/helloworld.c:205:16: warning: unused variable 'i2' [-Wunused-variable]
  int i0=0,i1=0,i2=0,i3=0,i4=0,i5=0,i6=0,i7=0,i8=0;
                ^~
../src/helloworld.c:205:11: warning: unused variable 'i1' [-Wunused-variable]
  int i0=0,i1=0,i2=0,i3=0,i4=0,i5=0,i6=0,i7=0,i8=0;
           ^~
../src/helloworld.c:205:6: warning: unused variable 'i0' [-Wunused-variable]
  int i0=0,i1=0,i2=0,i3=0,i4=0,i5=0,i6=0,i7=0,i8=0;
      ^~
../src/helloworld.c:191:15: warning: unused variable 'Delay' [-Wunused-variable]
  volatile int Delay;
               ^~~~~
../src/helloworld.c:189:24: warning: unused variable 'sum' [-Wunused-variable]
  u32  outdata,outdata1,sum=0;
                        ^~~
../src/helloworld.c:189:15: warning: unused variable 'outdata1' [-Wunused-variable]
  u32  outdata,outdata1,sum=0;
               ^~~~~~~~
../src/helloworld.c:189:7: warning: unused variable 'outdata' [-Wunused-variable]
  u32  outdata,outdata1,sum=0;
       ^~~~~~~
../src/helloworld.c:188:12: warning: unused variable 'j1' [-Wunused-variable]
   u32 j[5],j1[5];
            ^~
../src/helloworld.c:188:7: warning: unused variable 'j' [-Wunused-variable]
   u32 j[5],j1[5];
       ^
'Finished building: ../src/helloworld.c'
' '
'Building target: zynq_1.elf'
'Invoking: ARM v7 gcc linker'
arm-none-eabi-gcc -mcpu=cortex-a9 -mfpu=vfpv3 -mfloat-abi=hard -Wl,-build-id=none -specs=Xilinx.spec -Wl,-T -Wl,../src/lscript.ld -L../../zynq_1_bsp/ps7_cortexa9_0/lib -o "zynq_1.elf"  ./src/helloworld.o ./src/platform.o   -Wl,--start-group,-lxil,-lgcc,-lc,--end-group
'Finished building target: zynq_1.elf'
' '
'Invoking: ARM v7 Print Size'
arm-none-eabi-size zynq_1.elf  |tee "zynq_1.elf.size"
   text	   data	    bss	    dec	    hex	filename
  28724	   1776	  22584	  53084	   cf5c	zynq_1.elf
'Finished building: zynq_1.elf.size'
' '
18:59:25 **** Incremental Build of configuration Debug for project zynq_1 ****
make pre-build main-build 
a9-linaro-pre-build-step
' '
make: Nothing to be done for `main-build'.
19:10:19 **** Incremental Build of configuration Debug for project zynq_1 ****
make pre-build main-build 
a9-linaro-pre-build-step
' '
make: Nothing to be done for `main-build'.
19:17:13 **** Auto Build of configuration Debug for project zynq_1 ****
make pre-build main-build 
a9-linaro-pre-build-step
' '
'Building file: ../src/helloworld.c'
'Invoking: ARM v7 gcc compiler'
arm-none-eabi-gcc -Wall -O0 -g3 -c -fmessage-length=0 -MT"src/helloworld.o" -mcpu=cortex-a9 -mfpu=vfpv3 -mfloat-abi=hard -I../../zynq_1_bsp/ps7_cortexa9_0/include -MMD -MP -MF"src/helloworld.d" -MT"src/helloworld.o" -o "src/helloworld.o" "../src/helloworld.c"
In file included from ../src/helloworld.c:51:0:
../src/helloworld.c: In function 'main':
../../zynq_1_bsp/ps7_cortexa9_0/include/xparameters.h:540:30: warning: large integer implicitly truncated to unsigned type [-Woverflow]
 #define XPAR_GPIO_0_BASEADDR 0x41200000
                              ^
../src/helloworld.c:193:35: note: in expansion of macro 'XPAR_GPIO_0_BASEADDR'
  Status = XGpio_Initialize(&Gpio, XPAR_GPIO_0_BASEADDR);
                                   ^~~~~~~~~~~~~~~~~~~~
../src/helloworld.c:342:9: warning: suggest parentheses around assignment used as truth value [-Wparentheses]
      if(lsb4=5)
         ^~~~
../src/helloworld.c:412:19: warning: "/*" within comment [-Wcomment]
                   /*writing over*/
                    
../src/helloworld.c:424:2: warning: "/*" within comment [-Wcomment]
  /* Set the direction for all signals as inputs except the LED output */
   
../src/helloworld.c:431:2: warning: "/*" within comment [-Wcomment]
  /*  while(1)
   
../src/helloworld.c:205:46: warning: unused variable 'i8' [-Wunused-variable]
  int i0=0,i1=0,i2=0,i3=0,i4=0,i5=0,i6=0,i7=0,i8=0;
                                              ^~
../src/helloworld.c:205:41: warning: unused variable 'i7' [-Wunused-variable]
  int i0=0,i1=0,i2=0,i3=0,i4=0,i5=0,i6=0,i7=0,i8=0;
                                         ^~
../src/helloworld.c:205:36: warning: unused variable 'i6' [-Wunused-variable]
  int i0=0,i1=0,i2=0,i3=0,i4=0,i5=0,i6=0,i7=0,i8=0;
                                    ^~
../src/helloworld.c:205:31: warning: unused variable 'i5' [-Wunused-variable]
  int i0=0,i1=0,i2=0,i3=0,i4=0,i5=0,i6=0,i7=0,i8=0;
                               ^~
../src/helloworld.c:205:26: warning: unused variable 'i4' [-Wunused-variable]
  int i0=0,i1=0,i2=0,i3=0,i4=0,i5=0,i6=0,i7=0,i8=0;
                          ^~
../src/helloworld.c:205:21: warning: unused variable 'i3' [-Wunused-variable]
  int i0=0,i1=0,i2=0,i3=0,i4=0,i5=0,i6=0,i7=0,i8=0;
                     ^~
../src/helloworld.c:205:16: warning: unused variable 'i2' [-Wunused-variable]
  int i0=0,i1=0,i2=0,i3=0,i4=0,i5=0,i6=0,i7=0,i8=0;
                ^~
../src/helloworld.c:205:11: warning: unused variable 'i1' [-Wunused-variable]
  int i0=0,i1=0,i2=0,i3=0,i4=0,i5=0,i6=0,i7=0,i8=0;
           ^~
../src/helloworld.c:205:6: warning: unused variable 'i0' [-Wunused-variable]
  int i0=0,i1=0,i2=0,i3=0,i4=0,i5=0,i6=0,i7=0,i8=0;
      ^~
../src/helloworld.c:191:15: warning: unused variable 'Delay' [-Wunused-variable]
  volatile int Delay;
               ^~~~~
../src/helloworld.c:189:24: warning: unused variable 'sum' [-Wunused-variable]
  u32  outdata,outdata1,sum=0;
                        ^~~
../src/helloworld.c:189:15: warning: unused variable 'outdata1' [-Wunused-variable]
  u32  outdata,outdata1,sum=0;
               ^~~~~~~~
../src/helloworld.c:189:7: warning: unused variable 'outdata' [-Wunused-variable]
  u32  outdata,outdata1,sum=0;
       ^~~~~~~
../src/helloworld.c:188:12: warning: unused variable 'j1' [-Wunused-variable]
   u32 j[5],j1[5];
            ^~
../src/helloworld.c:188:7: warning: unused variable 'j' [-Wunused-variable]
   u32 j[5],j1[5];
       ^
'Finished building: ../src/helloworld.c'
' '
'Building target: zynq_1.elf'
'Invoking: ARM v7 gcc linker'
arm-none-eabi-gcc -mcpu=cortex-a9 -mfpu=vfpv3 -mfloat-abi=hard -Wl,-build-id=none -specs=Xilinx.spec -Wl,-T -Wl,../src/lscript.ld -L../../zynq_1_bsp/ps7_cortexa9_0/lib -o "zynq_1.elf"  ./src/helloworld.o ./src/platform.o   -Wl,--start-group,-lxil,-lgcc,-lc,--end-group
'Finished building target: zynq_1.elf'
' '
'Invoking: ARM v7 Print Size'
arm-none-eabi-size zynq_1.elf  |tee "zynq_1.elf.size"
   text	   data	    bss	    dec	    hex	filename
  28724	   1776	  22584	  53084	   cf5c	zynq_1.elf
'Finished building: zynq_1.elf.size'
' '
19:17:18 **** Incremental Build of configuration Debug for project zynq_1 ****
make pre-build main-build 
a9-linaro-pre-build-step
' '
make: Nothing to be done for `main-build'.
19:41:39 **** Auto Build of configuration Debug for project zynq_1 ****
make pre-build main-build 
a9-linaro-pre-build-step
' '
'Building file: ../src/helloworld.c'
'Invoking: ARM v7 gcc compiler'
arm-none-eabi-gcc -Wall -O0 -g3 -c -fmessage-length=0 -MT"src/helloworld.o" -mcpu=cortex-a9 -mfpu=vfpv3 -mfloat-abi=hard -I../../zynq_1_bsp/ps7_cortexa9_0/include -MMD -MP -MF"src/helloworld.d" -MT"src/helloworld.o" -o "src/helloworld.o" "../src/helloworld.c"
In file included from ../src/helloworld.c:51:0:
../src/helloworld.c: In function 'main':
../../zynq_1_bsp/ps7_cortexa9_0/include/xparameters.h:540:30: warning: large integer implicitly truncated to unsigned type [-Woverflow]
 #define XPAR_GPIO_0_BASEADDR 0x41200000
                              ^
../src/helloworld.c:194:35: note: in expansion of macro 'XPAR_GPIO_0_BASEADDR'
  Status = XGpio_Initialize(&Gpio, XPAR_GPIO_0_BASEADDR);
                                   ^~~~~~~~~~~~~~~~~~~~
../src/helloworld.c:344:9: warning: suggest parentheses around assignment used as truth value [-Wparentheses]
      if(lsb4=5)
         ^~~~
../src/helloworld.c:414:19: warning: "/*" within comment [-Wcomment]
                   /*writing over*/
                    
../src/helloworld.c:426:2: warning: "/*" within comment [-Wcomment]
  /* Set the direction for all signals as inputs except the LED output */
   
../src/helloworld.c:433:2: warning: "/*" within comment [-Wcomment]
  /*  while(1)
   
../src/helloworld.c:206:46: warning: unused variable 'i8' [-Wunused-variable]
  int i0=0,i1=0,i2=0,i3=0,i4=0,i5=0,i6=0,i7=0,i8=0;
                                              ^~
../src/helloworld.c:206:41: warning: unused variable 'i7' [-Wunused-variable]
  int i0=0,i1=0,i2=0,i3=0,i4=0,i5=0,i6=0,i7=0,i8=0;
                                         ^~
../src/helloworld.c:206:36: warning: unused variable 'i6' [-Wunused-variable]
  int i0=0,i1=0,i2=0,i3=0,i4=0,i5=0,i6=0,i7=0,i8=0;
                                    ^~
../src/helloworld.c:206:31: warning: unused variable 'i5' [-Wunused-variable]
  int i0=0,i1=0,i2=0,i3=0,i4=0,i5=0,i6=0,i7=0,i8=0;
                               ^~
../src/helloworld.c:206:26: warning: unused variable 'i4' [-Wunused-variable]
  int i0=0,i1=0,i2=0,i3=0,i4=0,i5=0,i6=0,i7=0,i8=0;
                          ^~
../src/helloworld.c:206:21: warning: unused variable 'i3' [-Wunused-variable]
  int i0=0,i1=0,i2=0,i3=0,i4=0,i5=0,i6=0,i7=0,i8=0;
                     ^~
../src/helloworld.c:206:16: warning: unused variable 'i2' [-Wunused-variable]
  int i0=0,i1=0,i2=0,i3=0,i4=0,i5=0,i6=0,i7=0,i8=0;
                ^~
../src/helloworld.c:206:11: warning: unused variable 'i1' [-Wunused-variable]
  int i0=0,i1=0,i2=0,i3=0,i4=0,i5=0,i6=0,i7=0,i8=0;
           ^~
../src/helloworld.c:206:6: warning: unused variable 'i0' [-Wunused-variable]
  int i0=0,i1=0,i2=0,i3=0,i4=0,i5=0,i6=0,i7=0,i8=0;
      ^~
../src/helloworld.c:192:15: warning: unused variable 'Delay' [-Wunused-variable]
  volatile int Delay;
               ^~~~~
../src/helloworld.c:190:24: warning: unused variable 'sum' [-Wunused-variable]
  u32  outdata,outdata1,sum=0;
                        ^~~
../src/helloworld.c:190:15: warning: unused variable 'outdata1' [-Wunused-variable]
  u32  outdata,outdata1,sum=0;
               ^~~~~~~~
../src/helloworld.c:190:7: warning: unused variable 'outdata' [-Wunused-variable]
  u32  outdata,outdata1,sum=0;
       ^~~~~~~
../src/helloworld.c:189:12: warning: unused variable 'j1' [-Wunused-variable]
   u32 j[5],j1[5];
            ^~
../src/helloworld.c:189:7: warning: unused variable 'j' [-Wunused-variable]
   u32 j[5],j1[5];
       ^
'Finished building: ../src/helloworld.c'
' '
'Building target: zynq_1.elf'
'Invoking: ARM v7 gcc linker'
arm-none-eabi-gcc -mcpu=cortex-a9 -mfpu=vfpv3 -mfloat-abi=hard -Wl,-build-id=none -specs=Xilinx.spec -Wl,-T -Wl,../src/lscript.ld -L../../zynq_1_bsp/ps7_cortexa9_0/lib -o "zynq_1.elf"  ./src/helloworld.o ./src/platform.o   -Wl,--start-group,-lxil,-lgcc,-lc,--end-group
'Finished building target: zynq_1.elf'
' '
'Invoking: ARM v7 Print Size'
arm-none-eabi-size zynq_1.elf  |tee "zynq_1.elf.size"
   text	   data	    bss	    dec	    hex	filename
  28724	   1776	  22584	  53084	   cf5c	zynq_1.elf
'Finished building: zynq_1.elf.size'
' '
19:43:23 **** Auto Build of configuration Debug for project zynq_1 ****
make pre-build main-build 
a9-linaro-pre-build-step
' '
'Building file: ../src/helloworld.c'
'Invoking: ARM v7 gcc compiler'
arm-none-eabi-gcc -Wall -O0 -g3 -c -fmessage-length=0 -MT"src/helloworld.o" -mcpu=cortex-a9 -mfpu=vfpv3 -mfloat-abi=hard -I../../zynq_1_bsp/ps7_cortexa9_0/include -MMD -MP -MF"src/helloworld.d" -MT"src/helloworld.o" -o "src/helloworld.o" "../src/helloworld.c"
In file included from ../src/helloworld.c:51:0:
../src/helloworld.c: In function 'main':
../../zynq_1_bsp/ps7_cortexa9_0/include/xparameters.h:540:30: warning: large integer implicitly truncated to unsigned type [-Woverflow]
 #define XPAR_GPIO_0_BASEADDR 0x41200000
                              ^
../src/helloworld.c:194:35: note: in expansion of macro 'XPAR_GPIO_0_BASEADDR'
  Status = XGpio_Initialize(&Gpio, XPAR_GPIO_0_BASEADDR);
                                   ^~~~~~~~~~~~~~~~~~~~
../src/helloworld.c:344:9: warning: suggest parentheses around assignment used as truth value [-Wparentheses]
      if(lsb4=5)
         ^~~~
../src/helloworld.c:414:19: warning: "/*" within comment [-Wcomment]
                   /*writing over*/
                    
../src/helloworld.c:426:2: warning: "/*" within comment [-Wcomment]
  /* Set the direction for all signals as inputs except the LED output */
   
../src/helloworld.c:433:2: warning: "/*" within comment [-Wcomment]
  /*  while(1)
   
../src/helloworld.c:206:46: warning: unused variable 'i8' [-Wunused-variable]
  int i0=0,i1=0,i2=0,i3=0,i4=0,i5=0,i6=0,i7=0,i8=0;
                                              ^~
../src/helloworld.c:206:41: warning: unused variable 'i7' [-Wunused-variable]
  int i0=0,i1=0,i2=0,i3=0,i4=0,i5=0,i6=0,i7=0,i8=0;
                                         ^~
../src/helloworld.c:206:36: warning: unused variable 'i6' [-Wunused-variable]
  int i0=0,i1=0,i2=0,i3=0,i4=0,i5=0,i6=0,i7=0,i8=0;
                                    ^~
../src/helloworld.c:206:31: warning: unused variable 'i5' [-Wunused-variable]
  int i0=0,i1=0,i2=0,i3=0,i4=0,i5=0,i6=0,i7=0,i8=0;
                               ^~
../src/helloworld.c:206:26: warning: unused variable 'i4' [-Wunused-variable]
  int i0=0,i1=0,i2=0,i3=0,i4=0,i5=0,i6=0,i7=0,i8=0;
                          ^~
../src/helloworld.c:206:21: warning: unused variable 'i3' [-Wunused-variable]
  int i0=0,i1=0,i2=0,i3=0,i4=0,i5=0,i6=0,i7=0,i8=0;
                     ^~
../src/helloworld.c:206:16: warning: unused variable 'i2' [-Wunused-variable]
  int i0=0,i1=0,i2=0,i3=0,i4=0,i5=0,i6=0,i7=0,i8=0;
                ^~
../src/helloworld.c:206:11: warning: unused variable 'i1' [-Wunused-variable]
  int i0=0,i1=0,i2=0,i3=0,i4=0,i5=0,i6=0,i7=0,i8=0;
           ^~
../src/helloworld.c:206:6: warning: unused variable 'i0' [-Wunused-variable]
  int i0=0,i1=0,i2=0,i3=0,i4=0,i5=0,i6=0,i7=0,i8=0;
      ^~
../src/helloworld.c:192:15: warning: unused variable 'Delay' [-Wunused-variable]
  volatile int Delay;
               ^~~~~
../src/helloworld.c:190:24: warning: unused variable 'sum' [-Wunused-variable]
  u32  outdata,outdata1,sum=0;
                        ^~~
../src/helloworld.c:190:15: warning: unused variable 'outdata1' [-Wunused-variable]
  u32  outdata,outdata1,sum=0;
               ^~~~~~~~
../src/helloworld.c:190:7: warning: unused variable 'outdata' [-Wunused-variable]
  u32  outdata,outdata1,sum=0;
       ^~~~~~~
../src/helloworld.c:189:12: warning: unused variable 'j1' [-Wunused-variable]
   u32 j[5],j1[5];
            ^~
../src/helloworld.c:189:7: warning: unused variable 'j' [-Wunused-variable]
   u32 j[5],j1[5];
       ^
'Finished building: ../src/helloworld.c'
' '
'Building target: zynq_1.elf'
'Invoking: ARM v7 gcc linker'
arm-none-eabi-gcc -mcpu=cortex-a9 -mfpu=vfpv3 -mfloat-abi=hard -Wl,-build-id=none -specs=Xilinx.spec -Wl,-T -Wl,../src/lscript.ld -L../../zynq_1_bsp/ps7_cortexa9_0/lib -o "zynq_1.elf"  ./src/helloworld.o ./src/platform.o   -Wl,--start-group,-lxil,-lgcc,-lc,--end-group
'Finished building target: zynq_1.elf'
' '
'Invoking: ARM v7 Print Size'
arm-none-eabi-size zynq_1.elf  |tee "zynq_1.elf.size"
   text	   data	    bss	    dec	    hex	filename
  28724	   1776	  22584	  53084	   cf5c	zynq_1.elf
'Finished building: zynq_1.elf.size'
' '
19:44:00 **** Incremental Build of configuration Debug for project zynq_1 ****
make pre-build main-build 
a9-linaro-pre-build-step
' '
make: Nothing to be done for `main-build'.
19:47:54 **** Auto Build of configuration Debug for project zynq_1 ****
make pre-build main-build 
a9-linaro-pre-build-step
' '
'Building file: ../src/helloworld.c'
'Invoking: ARM v7 gcc compiler'
arm-none-eabi-gcc -Wall -O0 -g3 -c -fmessage-length=0 -MT"src/helloworld.o" -mcpu=cortex-a9 -mfpu=vfpv3 -mfloat-abi=hard -I../../zynq_1_bsp/ps7_cortexa9_0/include -MMD -MP -MF"src/helloworld.d" -MT"src/helloworld.o" -o "src/helloworld.o" "../src/helloworld.c"
In file included from ../src/helloworld.c:51:0:
../src/helloworld.c: In function 'main':
../../zynq_1_bsp/ps7_cortexa9_0/include/xparameters.h:540:30: warning: large integer implicitly truncated to unsigned type [-Woverflow]
 #define XPAR_GPIO_0_BASEADDR 0x41200000
                              ^
../src/helloworld.c:194:35: note: in expansion of macro 'XPAR_GPIO_0_BASEADDR'
  Status = XGpio_Initialize(&Gpio, XPAR_GPIO_0_BASEADDR);
                                   ^~~~~~~~~~~~~~~~~~~~
../src/helloworld.c:414:19: warning: "/*" within comment [-Wcomment]
                   /*writing over*/
                    
../src/helloworld.c:426:2: warning: "/*" within comment [-Wcomment]
  /* Set the direction for all signals as inputs except the LED output */
   
../src/helloworld.c:433:2: warning: "/*" within comment [-Wcomment]
  /*  while(1)
   
../src/helloworld.c:206:46: warning: unused variable 'i8' [-Wunused-variable]
  int i0=0,i1=0,i2=0,i3=0,i4=0,i5=0,i6=0,i7=0,i8=0;
                                              ^~
../src/helloworld.c:206:41: warning: unused variable 'i7' [-Wunused-variable]
  int i0=0,i1=0,i2=0,i3=0,i4=0,i5=0,i6=0,i7=0,i8=0;
                                         ^~
../src/helloworld.c:206:36: warning: unused variable 'i6' [-Wunused-variable]
  int i0=0,i1=0,i2=0,i3=0,i4=0,i5=0,i6=0,i7=0,i8=0;
                                    ^~
../src/helloworld.c:206:31: warning: unused variable 'i5' [-Wunused-variable]
  int i0=0,i1=0,i2=0,i3=0,i4=0,i5=0,i6=0,i7=0,i8=0;
                               ^~
../src/helloworld.c:206:26: warning: unused variable 'i4' [-Wunused-variable]
  int i0=0,i1=0,i2=0,i3=0,i4=0,i5=0,i6=0,i7=0,i8=0;
                          ^~
../src/helloworld.c:206:21: warning: unused variable 'i3' [-Wunused-variable]
  int i0=0,i1=0,i2=0,i3=0,i4=0,i5=0,i6=0,i7=0,i8=0;
                     ^~
../src/helloworld.c:206:16: warning: unused variable 'i2' [-Wunused-variable]
  int i0=0,i1=0,i2=0,i3=0,i4=0,i5=0,i6=0,i7=0,i8=0;
                ^~
../src/helloworld.c:206:11: warning: unused variable 'i1' [-Wunused-variable]
  int i0=0,i1=0,i2=0,i3=0,i4=0,i5=0,i6=0,i7=0,i8=0;
           ^~
../src/helloworld.c:206:6: warning: unused variable 'i0' [-Wunused-variable]
  int i0=0,i1=0,i2=0,i3=0,i4=0,i5=0,i6=0,i7=0,i8=0;
      ^~
../src/helloworld.c:192:15: warning: unused variable 'Delay' [-Wunused-variable]
  volatile int Delay;
               ^~~~~
../src/helloworld.c:190:24: warning: unused variable 'sum' [-Wunused-variable]
  u32  outdata,outdata1,sum=0;
                        ^~~
../src/helloworld.c:190:15: warning: unused variable 'outdata1' [-Wunused-variable]
  u32  outdata,outdata1,sum=0;
               ^~~~~~~~
../src/helloworld.c:190:7: warning: unused variable 'outdata' [-Wunused-variable]
  u32  outdata,outdata1,sum=0;
       ^~~~~~~
../src/helloworld.c:189:12: warning: unused variable 'j1' [-Wunused-variable]
   u32 j[5],j1[5];
            ^~
../src/helloworld.c:189:7: warning: unused variable 'j' [-Wunused-variable]
   u32 j[5],j1[5];
       ^
'Finished building: ../src/helloworld.c'
' '
'Building target: zynq_1.elf'
'Invoking: ARM v7 gcc linker'
arm-none-eabi-gcc -mcpu=cortex-a9 -mfpu=vfpv3 -mfloat-abi=hard -Wl,-build-id=none -specs=Xilinx.spec -Wl,-T -Wl,../src/lscript.ld -L../../zynq_1_bsp/ps7_cortexa9_0/lib -o "zynq_1.elf"  ./src/helloworld.o ./src/platform.o   -Wl,--start-group,-lxil,-lgcc,-lc,--end-group
'Finished building target: zynq_1.elf'
' '
'Invoking: ARM v7 Print Size'
arm-none-eabi-size zynq_1.elf  |tee "zynq_1.elf.size"
   text	   data	    bss	    dec	    hex	filename
  28724	   1776	  22584	  53084	   cf5c	zynq_1.elf
'Finished building: zynq_1.elf.size'
' '
19:48:00 **** Incremental Build of configuration Debug for project zynq_1 ****
make pre-build main-build 
a9-linaro-pre-build-step
' '
make: Nothing to be done for `main-build'.
