13:01:49 **** Auto Build of configuration Debug for project zynq_1_bsp_xbram_example_1 ****
make pre-build main-build 
a9-linaro-pre-build-step
' '
'Building file: ../src/xbram_example.c'
'Invoking: ARM v7 gcc compiler'
arm-none-eabi-gcc -Wall -O0 -g3 -c -fmessage-length=0 -MT"src/xbram_example.o" -mcpu=cortex-a9 -mfpu=vfpv3 -mfloat-abi=hard -I../../zynq_1_bsp/ps7_cortexa9_0/include -MMD -MP -MF"src/xbram_example.d" -MT"src/xbram_example.o" -o "src/xbram_example.o" "../src/xbram_example.c"
'Finished building: ../src/xbram_example.c'
' '
'Building target: zynq_1_bsp_xbram_example_1.elf'
'Invoking: ARM v7 gcc linker'
arm-none-eabi-gcc -mcpu=cortex-a9 -mfpu=vfpv3 -mfloat-abi=hard -Wl,-build-id=none -specs=Xilinx.spec -Wl,-T -Wl,../src/lscript.ld -L../../zynq_1_bsp/ps7_cortexa9_0/lib -o "zynq_1_bsp_xbram_example_1.elf"  ./src/xbram_example.o   -Wl,--start-group,-lxil,-lgcc,-lc,--end-group
'Finished building target: zynq_1_bsp_xbram_example_1.elf'
' '
'Invoking: ARM v7 Print Size'
arm-none-eabi-size zynq_1_bsp_xbram_example_1.elf  |tee "zynq_1_bsp_xbram_example_1.elf.size"
   text	   data	    bss	    dec	    hex	filename
  28844	   1760	  22664	  53268	   d014	zynq_1_bsp_xbram_example_1.elf
'Finished building: zynq_1_bsp_xbram_example_1.elf.size'
' '

13:01:50 Build Finished (took 906ms)

